ARM Linker, 5.03 [Build 76] [MDK-ARM Standard]

==============================================================================

Section Cross References

    startup_stm32f429xx.o(RESET) refers to startup_stm32f429xx.o(STACK) for __initial_sp
    startup_stm32f429xx.o(RESET) refers to startup_stm32f429xx.o(.text) for Reset_Handler
    startup_stm32f429xx.o(RESET) refers to stm32f4xx_it.o(i.SysTick_Handler) for SysTick_Handler
    startup_stm32f429xx.o(RESET) refers to stm32f4xx_it.o(i.DMA2_Stream0_IRQHandler) for DMA2_Stream0_IRQHandler
    startup_stm32f429xx.o(RESET) refers to stm32f4xx_it.o(i.DMA2_Stream1_IRQHandler) for DMA2_Stream1_IRQHandler
    startup_stm32f429xx.o(RESET) refers to stm32f4xx_it.o(i.OTG_FS_IRQHandler) for OTG_FS_IRQHandler
    startup_stm32f429xx.o(RESET) refers to stm32f4xx_it.o(i.DCMI_IRQHandler) for DCMI_IRQHandler
    startup_stm32f429xx.o(.text) refers to system_stm32f4xx.o(i.SystemInit) for SystemInit
    startup_stm32f429xx.o(.text) refers to entry.o(.ARM.Collect$$$$00000000) for __main
    bsp_driver_sd.o(i.BSP_SD_DMA_Rx_IRQHandler) refers to stm32f4xx_hal_dma.o(i.HAL_DMA_IRQHandler) for HAL_DMA_IRQHandler
    bsp_driver_sd.o(i.BSP_SD_DMA_Rx_IRQHandler) refers to main.o(.bss) for hsd
    bsp_driver_sd.o(i.BSP_SD_DMA_Tx_IRQHandler) refers to stm32f4xx_hal_dma.o(i.HAL_DMA_IRQHandler) for HAL_DMA_IRQHandler
    bsp_driver_sd.o(i.BSP_SD_DMA_Tx_IRQHandler) refers to main.o(.bss) for hsd
    bsp_driver_sd.o(i.BSP_SD_Erase) refers to stm32f4xx_hal_sd.o(i.HAL_SD_Erase) for HAL_SD_Erase
    bsp_driver_sd.o(i.BSP_SD_Erase) refers to main.o(.bss) for hsd
    bsp_driver_sd.o(i.BSP_SD_GetCardInfo) refers to stm32f4xx_hal_sd.o(i.HAL_SD_Get_CardInfo) for HAL_SD_Get_CardInfo
    bsp_driver_sd.o(i.BSP_SD_GetCardInfo) refers to main.o(.bss) for hsd
    bsp_driver_sd.o(i.BSP_SD_GetStatus) refers to stm32f4xx_hal_sd.o(i.HAL_SD_GetStatus) for HAL_SD_GetStatus
    bsp_driver_sd.o(i.BSP_SD_GetStatus) refers to main.o(.bss) for hsd
    bsp_driver_sd.o(i.BSP_SD_IRQHandler) refers to stm32f4xx_hal_sd.o(i.HAL_SD_IRQHandler) for HAL_SD_IRQHandler
    bsp_driver_sd.o(i.BSP_SD_IRQHandler) refers to main.o(.bss) for hsd
    bsp_driver_sd.o(i.BSP_SD_Init) refers to bsp_driver_sd.o(i.BSP_SD_IsDetected) for BSP_SD_IsDetected
    bsp_driver_sd.o(i.BSP_SD_Init) refers to stm32f4xx_hal_sd.o(i.HAL_SD_Init) for HAL_SD_Init
    bsp_driver_sd.o(i.BSP_SD_Init) refers to stm32f4xx_hal_sd.o(i.HAL_SD_GetCardStatus) for HAL_SD_GetCardStatus
    bsp_driver_sd.o(i.BSP_SD_Init) refers to stm32f4xx_hal_sd.o(i.HAL_SD_WideBusOperation_Config) for HAL_SD_WideBusOperation_Config
    bsp_driver_sd.o(i.BSP_SD_Init) refers to main.o(.bss) for SDCardInfo
    bsp_driver_sd.o(i.BSP_SD_ReadBlocks) refers to stm32f4xx_hal_sd.o(i.HAL_SD_ReadBlocks) for HAL_SD_ReadBlocks
    bsp_driver_sd.o(i.BSP_SD_ReadBlocks) refers to main.o(.bss) for hsd
    bsp_driver_sd.o(i.BSP_SD_ReadBlocks_DMA) refers to stm32f4xx_hal_sd.o(i.HAL_SD_ReadBlocks_DMA) for HAL_SD_ReadBlocks_DMA
    bsp_driver_sd.o(i.BSP_SD_ReadBlocks_DMA) refers to stm32f4xx_hal_sd.o(i.HAL_SD_CheckReadOperation) for HAL_SD_CheckReadOperation
    bsp_driver_sd.o(i.BSP_SD_ReadBlocks_DMA) refers to main.o(.bss) for hsd
    bsp_driver_sd.o(i.BSP_SD_WriteBlocks) refers to stm32f4xx_hal_sd.o(i.HAL_SD_WriteBlocks) for HAL_SD_WriteBlocks
    bsp_driver_sd.o(i.BSP_SD_WriteBlocks) refers to main.o(.bss) for hsd
    bsp_driver_sd.o(i.BSP_SD_WriteBlocks_DMA) refers to stm32f4xx_hal_sd.o(i.HAL_SD_WriteBlocks_DMA) for HAL_SD_WriteBlocks_DMA
    bsp_driver_sd.o(i.BSP_SD_WriteBlocks_DMA) refers to stm32f4xx_hal_sd.o(i.HAL_SD_CheckWriteOperation) for HAL_SD_CheckWriteOperation
    bsp_driver_sd.o(i.BSP_SD_WriteBlocks_DMA) refers to main.o(.bss) for hsd
    bsp_driver_sd.o(i.BSP_SD_getBlockSize) refers to stm32f4xx_hal_sd.o(i.HAL_SD_Get_CardInfo) for HAL_SD_Get_CardInfo
    bsp_driver_sd.o(i.BSP_SD_getBlockSize) refers to main.o(.bss) for hsd
    bsp_driver_sd.o(i.BSP_SD_getCapacity) refers to stm32f4xx_hal_sd.o(i.HAL_SD_Get_CardInfo) for HAL_SD_Get_CardInfo
    bsp_driver_sd.o(i.BSP_SD_getCapacity) refers to main.o(.bss) for hsd
    bsp_driver_sdram.o(i.BSP_SDRAM_DMA_IRQHandler) refers to stm32f4xx_hal_dma.o(i.HAL_DMA_IRQHandler) for HAL_DMA_IRQHandler
    bsp_driver_sdram.o(i.BSP_SDRAM_DMA_IRQHandler) refers to main.o(.bss) for hsdram1
    bsp_driver_sdram.o(i.BSP_SDRAM_Init) refers to bsp_driver_sdram.o(.data) for sdramstatus
    bsp_driver_sdram.o(i.BSP_SDRAM_ReadData) refers to stm32f4xx_hal_sdram.o(i.HAL_SDRAM_Read_32b) for HAL_SDRAM_Read_32b
    bsp_driver_sdram.o(i.BSP_SDRAM_ReadData) refers to main.o(.bss) for hsdram1
    bsp_driver_sdram.o(i.BSP_SDRAM_ReadData_DMA) refers to stm32f4xx_hal_sdram.o(i.HAL_SDRAM_Read_DMA) for HAL_SDRAM_Read_DMA
    bsp_driver_sdram.o(i.BSP_SDRAM_ReadData_DMA) refers to main.o(.bss) for hsdram1
[...]
    .data                                    0x20000018   Section       52  usbd_desc.o(.data)
    .data                                    0x2000004c   Section      112  usbd_storage.o(.data)
    Storage_started                          0x2000004c   Data           1  usbd_storage.o(.data)
    .data                                    0x200000bc   Section       20  system_stm32f4xx.o(.data)
    .data                                    0x200000d0   Section        4  stm32f4xx_hal.o(.data)
    uwTick                                   0x200000d0   Data           4  stm32f4xx_hal.o(.data)
    .data                                    0x200000d4   Section       24  sd_diskio.o(.data)
    Stat                                     0x200000d4   Data           1  sd_diskio.o(.data)
    .data                                    0x200000ec   Section        1  usbd_ctlreq.o(.data)
    cfgidx                                   0x200000ec   Data           1  usbd_ctlreq.o(.data)
    .data                                    0x200000f0   Section      162  usbd_msc.o(.data)
    .data                                    0x20000194   Section        4  mvars.o(.data)
    .bss                                     0x20000198   Section     2548  main.o(.bss)
    sdramCommand                             0x2000047c   Data          16  main.o(.bss)
    fatfs                                    0x2000048c   Data         564  main.o(.bss)
    DST_Buffer                               0x200006c0   Data        1020  main.o(.bss)
    aDST_Buffer                              0x20000b0c   Data         128  main.o(.bss)
    .bss                                     0x20000b8c   Section      548  usb_device.o(.bss)
    .bss                                     0x20000db0   Section      944  usbd_conf.o(.bss)
    .bss                                     0x20001160   Section      512  usbd_desc.o(.bss)
    .bss                                     0x20001360   Section       16  ff_gen_drv.o(.bss)
    .bss                                     0x20001370   Section     8300  usbd_msc.o(.bss)
    msbot                                    0x20001370   Data        8300  usbd_msc.o(.bss)
    STACK                                    0x200033e0   Section     1024  startup_stm32f429xx.o(STACK)

    Global Symbols

    Symbol Name                              Value     Ov Type        Size  Object(Section)

    BuildAttributes$$THM_ISAv4$E$P$D$K$B$S$7EM$VFPi3$EXTD16$VFPS$VFMA$PE$A:L22UL41UL21$X:L11$S22US41US21$IEEE1$IW$USESV6$~STKCKD$USESV7$~SHL$OSPACE$ROPI$EBA8$MICROLIB$REQ8$PRES8$EABIv2 0x00000000   Number         0  anon$$obj.o ABSOLUTE
    __ARM_use_no_argv                        0x00000000   Number         0  main.o ABSOLUTE
    _printf_a                                0x00000000   Number         0  stubs.o ABSOLUTE
    _printf_c                                0x00000000   Number         0  stubs.o ABSOLUTE
    _printf_charcount                        0x00000000   Number         0  stubs.o ABSOLUTE
    _printf_d                                0x00000000   Number         0  stubs.o ABSOLUTE
    _printf_e                                0x00000000   Number         0  stubs.o ABSOLUTE
    _printf_f                                0x00000000   Number         0  stubs.o ABSOLUTE
    _printf_flags                            0x00000000   Number         0  stubs.o ABSOLUTE
    _printf_fp_dec                           0x00000000   Number         0  stubs.o ABSOLUTE
    _printf_fp_hex                           0x00000000   Number         0  stubs.o ABSOLUTE
    _printf_g                                0x00000000   Number         0  stubs.o ABSOLUTE
    _printf_i                                0x00000000   Number         0  stubs.o ABSOLUTE
    _printf_int_dec                          0x00000000   Number         0  stubs.o ABSOLUTE
    _printf_l                                0x00000000   Number         0  stubs.o ABSOLUTE
    _printf_lc                               0x00000000   Number         0  stubs.o ABSOLUTE
    _printf_ll                               0x00000000   Number         0  stubs.o ABSOLUTE
    _printf_lld                              0x00000000   Number         0  stubs.o ABSOLUTE
    _printf_lli                              0x00000000   Number         0  stubs.o ABSOLUTE
    _printf_llo                              0x00000000   Number         0  stubs.o ABSOLUTE
    _printf_llu                              0x00000000   Number         0  stubs.o ABSOLUTE
    _printf_llx                              0x00000000   Number         0  stubs.o ABSOLUTE
    _printf_longlong_dec                     0x00000000   Number         0  stubs.o ABSOLUTE
    _printf_longlong_hex                     0x00000000   Number         0  stubs.o ABSOLUTE
    _printf_longlong_oct                     0x00000000   Number         0  stubs.o ABSOLUTE
    _printf_ls                               0x00000000   Number         0  stubs.o ABSOLUTE
    _printf_mbtowc                           0x00000000   Number         0  stubs.o ABSOLUTE
    _printf_n                                0x00000000   Number         0  stubs.o ABSOLUTE
    _printf_o                                0x00000000   Number         0  stubs.o ABSOLUTE
    _printf_p                                0x00000000   Number         0  stubs.o ABSOLUTE
    _printf_percent                          0x00000000   Number         0  stubs.o ABSOLUTE
    _printf_pre_padding                      0x00000000   Number         0  stubs.o ABSOLUTE
    _printf_return_value                     0x00000000   Number         0  stubs.o ABSOLUTE
    _printf_s                                0x00000000   Number         0  stubs.o ABSOLUTE
    _printf_sizespec                         0x00000000   Number         0  stubs.o ABSOLUTE
    _printf_str                              0x00000000   Number         0  stubs.o ABSOLUTE
    _printf_truncate_signed                  0x00000000   Number         0  stubs.o ABSOLUTE
    _printf_truncate_unsigned                0x00000000   Number         0  stubs.o ABSOLUTE
    _printf_u                                0x00000000   Number         0  stubs.o ABSOLUTE
    _printf_wc                               0x00000000   Number         0  stubs.o ABSOLUTE
    _printf_wctomb                           0x00000000   Number         0  stubs.o ABSOLUTE
    _printf_widthprec                        0x00000000   Number         0  stubs.o ABSOLUTE
    _printf_x                                0x00000000   Number         0  stubs.o ABSOLUTE
    __cpp_initialize__aeabi_                  - Undefined Weak Reference
    __cxa_finalize                            - Undefined Weak Reference
    _clock_init                               - Undefined Weak Reference
    _microlib_exit                            - Undefined Weak Reference
    __Vectors_Size                           0x000001ac   Number         0  startup_stm32f429xx.o ABSOLUTE
    __Vectors                                0x08000000   Data           4  startup_stm32f429xx.o(RESET)
    __Vectors_End                            0x080001ac   Data           0  startup_stm32f429xx.o(RESET)
    __main                                   0x080001ad   Thumb Code     0  entry.o(.ARM.Collect$$$$00000000)
    _main_stk                                0x080001ad   Thumb Code     0  entry2.o(.ARM.Collect$$$$00000001)
    _main_scatterload                        0x080001b1   Thumb Code     0  entry5.o(.ARM.Collect$$$$00000004)
    __main_after_scatterload                 0x080001b5   Thumb Code     0  entry5.o(.ARM.Collect$$$$00000004)
    _main_clock                              0x080001b5   Thumb Code     0  entry7b.o(.ARM.Collect$$$$00000008)
    _main_cpp_init                           0x080001b5   Thumb Code     0  entry8b.o(.ARM.Collect$$$$0000000A)
    _main_init                               0x080001b5   Thumb Code     0  entry9a.o(.ARM.Collect$$$$0000000B)
    __rt_final_cpp                           0x080001bd   Thumb Code     0  entry10a.o(.ARM.Collect$$$$0000000D)
    __rt_final_exit                          0x080001bd   Thumb Code     0  entry11a.o(.ARM.Collect$$$$0000000F)
    Reset_Handler                            0x080001c1   Thumb Code     8  startup_stm32f429xx.o(.text)
    NMI_Handler                              0x080001c9   Thumb Code     2  startup_stm32f429xx.o(.text)
    HardFault_Handler                        0x080001cb   Thumb Code     2  startup_stm32f429xx.o(.text)
    MemManage_Handler                        0x080001cd   Thumb Code     2  startup_stm32f429xx.o(.text)
    BusFault_Handler                         0x080001cf   Thumb Code     2  startup_stm32f429xx.o(.text)
    UsageFault_Handler                       0x080001d1   Thumb Code     2  startup_stm32f429xx.o(.text)
    SVC_Handler                              0x080001d3   Thumb Code     2  startup_stm32f429xx.o(.text)
    DebugMon_Handler                         0x080001d5   Thumb Code     2  startup_stm32f429xx.o(.text)
    PendSV_Handler                           0x080001d7   Thumb Code     2  startup_stm32f429xx.o(.text)
    ADC_IRQHandler                           0x080001db   Thumb Code     0  startup_stm32f429xx.o(.text)
    CAN1_RX0_IRQHandler                      0x080001db   Thumb Code     0  startup_stm32f429xx.o(.text)
    CAN1_RX1_IRQHandler                      0x080001db   Thumb Code     0  startup_stm32f429xx.o(.text)
    CAN1_SCE_IRQHandler                      0x080001db   Thumb Code     0  startup_stm32f429xx.o(.text)
    CAN1_TX_IRQHandler                       0x080001db   Thumb Code     0  startup_stm32f429xx.o(.text)
    CAN2_RX0_IRQHandler                      0x080001db   Thumb Code     0  startup_stm32f429xx.o(.text)
    CAN2_RX1_IRQHandler                      0x080001db   Thumb Code     0  startup_stm32f429xx.o(.text)
    CAN2_SCE_IRQHandler                      0x080001db   Thumb Code     0  startup_stm32f429xx.o(.text)
    CAN2_TX_IRQHandler                       0x080001db   Thumb Code     0  startup_stm32f429xx.o(.text)
    DMA1_Stream0_IRQHandler                  0x080001db   Thumb Code     0  startup_stm32f429xx.o(.text)
    DMA1_Stream1_IRQHandler                  0x080001db   Thumb Code     0  startup_stm32f429xx.o(.text)
    DMA1_Stream2_IRQHandler                  0x080001db   Thumb Code     0  startup_stm32f429xx.o(.text)
    DMA1_Stream3_IRQHandler                  0x080001db   Thumb Code     0  startup_stm32f429xx.o(.text)
    DMA1_Stream4_IRQHandler                  0x080001db   Thumb Code     0  startup_stm32f429xx.o(.text)
    DMA1_Stream5_IRQHandler                  0x080001db   Thumb Code     0  startup_stm32f429xx.o(.text)
    DMA1_Stream6_IRQHandler                  0x080001db   Thumb Code     0  startup_stm32f429xx.o(.text)
    DMA1_Stream7_IRQHandler                  0x080001db   Thumb Code     0  startup_stm32f429xx.o(.text)
    DMA2D_IRQHandler                         0x080001db   Thumb Code     0  startup_stm32f429xx.o(.text)
    DMA2_Stream2_IRQHandler                  0x080001db   Thumb Code     0  startup_stm32f429xx.o(.text)
    DMA2_Stream3_IRQHandler                  0x080001db   Thumb Code     0  startup_stm32f429xx.o(.text)
    DMA2_Stream4_IRQHandler                  0x080001db   Thumb Code     0  startup_stm32f429xx.o(.text)
    DMA2_Stream5_IRQHandler                  0x080001db   Thumb Code     0  startup_stm32f429xx.o(.text)
    DMA2_Stream6_IRQHandler                  0x080001db   Thumb Code     0  startup_stm32f429xx.o(.text)
    DMA2_Stream7_IRQHandler                  0x080001db   Thumb Code     0  startup_stm32f429xx.o(.text)
    ETH_IRQHandler                           0x080001db   Thumb Code     0  startup_stm32f429xx.o(.text)
    ETH_WKUP_IRQHandler                      0x080001db   Thumb Code     0  startup_stm32f429xx.o(.text)
    EXTI0_IRQHandler                         0x080001db   Thumb Code     0  startup_stm32f429xx.o(.text)
    EXTI15_10_IRQHandler                     0x080001db   Thumb Code     0  startup_stm32f429xx.o(.text)
    EXTI1_IRQHandler                         0x080001db   Thumb Code     0  startup_stm32f429xx.o(.text)
    EXTI2_IRQHandler                         0x080001db   Thumb Code     0  startup_stm32f429xx.o(.text)
    EXTI3_IRQHandler                         0x080001db   Thumb Code     0  startup_stm32f429xx.o(.text)
    EXTI4_IRQHandler                         0x080001db   Thumb Code     0  startup_stm32f429xx.o(.text)
    EXTI9_5_IRQHandler                       0x080001db   Thumb Code     0  startup_stm32f429xx.o(.text)
    FLASH_IRQHandler                         0x080001db   Thumb Code     0  startup_stm32f429xx.o(.text)
    FMC_IRQHandler                           0x080001db   Thumb Code     0  startup_stm32f429xx.o(.text)
    FPU_IRQHandler                           0x080001db   Thumb Code     0  startup_stm32f429xx.o(.text)
    HASH_RNG_IRQHandler                      0x080001db   Thumb Code     0  startup_stm32f429xx.o(.text)
    I2C1_ER_IRQHandler                       0x080001db   Thumb Code     0  startup_stm32f429xx.o(.text)
    I2C1_EV_IRQHandler                       0x080001db   Thumb Code     0  startup_stm32f429xx.o(.text)
    I2C2_ER_IRQHandler                       0x080001db   Thumb Code     0  startup_stm32f429xx.o(.text)
    I2C2_EV_IRQHandler                       0x080001db   Thumb Code     0  startup_stm32f429xx.o(.text)
    I2C3_ER_IRQHandler                       0x080001db   Thumb Code     0  startup_stm32f429xx.o(.text)
    I2C3_EV_IRQHandler                       0x080001db   Thumb Code     0  startup_stm32f429xx.o(.text)
    LTDC_ER_IRQHandler                       0x080001db   Thumb Code     0  startup_stm32f429xx.o(.text)
    LTDC_IRQHandler                          0x080001db   Thumb Code     0  startup_stm32f429xx.o(.text)
    OTG_FS_WKUP_IRQHandler                   0x080001db   Thumb Code     0  startup_stm32f429xx.o(.text)
    OTG_HS_EP1_IN_IRQHandler                 0x080001db   Thumb Code     0  startup_stm32f429xx.o(.text)
    OTG_HS_EP1_OUT_IRQHandler                0x080001db   Thumb Code     0  startup_stm32f429xx.o(.text)
    OTG_HS_IRQHandler                        0x080001db   Thumb Code     0  startup_stm32f429xx.o(.text)
    OTG_HS_WKUP_IRQHandler                   0x080001db   Thumb Code     0  startup_stm32f429xx.o(.text)
    PVD_IRQHandler                           0x080001db   Thumb Code     0  startup_stm32f429xx.o(.text)
    RCC_IRQHandler                           0x080001db   Thumb Code     0  startup_stm32f429xx.o(.text)
    RTC_Alarm_IRQHandler                     0x080001db   Thumb Code     0  startup_stm32f429xx.o(.text)
    RTC_WKUP_IRQHandler                      0x080001db   Thumb Code     0  startup_stm32f429xx.o(.text)
    SAI1_IRQHandler                          0x080001db   Thumb Code     0  startup_stm32f429xx.o(.text)
    SDIO_IRQHandler                          0x080001db   Thumb Code     0  startup_stm32f429xx.o(.text)
    SPI1_IRQHandler                          0x080001db   Thumb Code     0  startup_stm32f429xx.o(.text)
    SPI2_IRQHandler                          0x080001db   Thumb Code     0  startup_stm32f429xx.o(.text)
    SPI3_IRQHandler                          0x080001db   Thumb Code     0  startup_stm32f429xx.o(.text)
    SPI4_IRQHandler                          0x080001db   Thumb Code     0  startup_stm32f429xx.o(.text)
    SPI5_IRQHandler                          0x080001db   Thumb Code     0  startup_stm32f429xx.o(.text)
    SPI6_IRQHandler                          0x080001db   Thumb Code     0  startup_stm32f429xx.o(.text)
    TAMP_STAMP_IRQHandler                    0x080001db   Thumb Code     0  startup_stm32f429xx.o(.text)
    TIM1_BRK_TIM9_IRQHandler                 0x080001db   Thumb Code     0  startup_stm32f429xx.o(.text)
    TIM1_CC_IRQHandler                       0x080001db   Thumb Code     0  startup_stm32f429xx.o(.text)
    TIM1_TRG_COM_TIM11_IRQHandler            0x080001db   Thumb Code     0  startup_stm32f429xx.o(.text)
    TIM1_UP_TIM10_IRQHandler                 0x080001db   Thumb Code     0  startup_stm32f429xx.o(.text)
    TIM2_IRQHandler                          0x080001db   Thumb Code     0  startup_stm32f429xx.o(.text)
    TIM3_IRQHandler                          0x080001db   Thumb Code     0  startup_stm32f429xx.o(.text)
    TIM4_IRQHandler                          0x080001db   Thumb Code     0  startup_stm32f429xx.o(.text)
    TIM5_IRQHandler                          0x080001db   Thumb Code     0  startup_stm32f429xx.o(.text)
    TIM6_DAC_IRQHandler                      0x080001db   Thumb Code     0  startup_stm32f429xx.o(.text)
    TIM7_IRQHandler                          0x080001db   Thumb Code     0  startup_stm32f429xx.o(.text)
    TIM8_BRK_TIM12_IRQHandler                0x080001db   Thumb Code     0  startup_stm32f429xx.o(.text)
    TIM8_CC_IRQHandler                       0x080001db   Thumb Code     0  startup_stm32f429xx.o(.text)
    TIM8_TRG_COM_TIM14_IRQHandler            0x080001db   Thumb Code     0  startup_stm32f429xx.o(.text)
    TIM8_UP_TIM13_IRQHandler                 0x080001db   Thumb Code     0  startup_stm32f429xx.o(.text)
    UART4_IRQHandler                         0x080001db   Thumb Code     0  startup_stm32f429xx.o(.text)
    UART5_IRQHandler                         0x080001db   Thumb Code     0  startup_stm32f429xx.o(.text)
    UART7_IRQHandler                         0x080001db   Thumb Code     0  startup_stm32f429xx.o(.text)
    UART8_IRQHandler                         0x080001db   Thumb Code     0  startup_stm32f429xx.o(.text)
    USART1_IRQHandler                        0x080001db   Thumb Code     0  startup_stm32f429xx.o(.text)
    USART2_IRQHandler                        0x080001db   Thumb Code     0  startup_stm32f429xx.o(.text)
    USART3_IRQHandler                        0x080001db   Thumb Code     0  startup_stm32f429xx.o(.text)
    USART6_IRQHandler                        0x080001db   Thumb Code     0  startup_stm32f429xx.o(.text)
    WWDG_IRQHandler                          0x080001db   Thumb Code     0  startup_stm32f429xx.o(.text)
    __aeabi_uldivmod                         0x080001e5   Thumb Code    98  uldiv.o(.text)
    __aeabi_memcpy                           0x08000247   Thumb Code    36  memcpya.o(.text)
    __aeabi_memcpy4                          0x08000247   Thumb Code     0  memcpya.o(.text)
    __aeabi_memcpy8                          0x08000247   Thumb Code     0  memcpya.o(.text)
    __aeabi_memset                           0x0800026b   Thumb Code    14  memseta.o(.text)
    __aeabi_memset4                          0x0800026b   Thumb Code     0  memseta.o(.text)
    __aeabi_memset8                          0x0800026b   Thumb Code     0  memseta.o(.text)
    __aeabi_memclr                           0x08000279   Thumb Code     4  memseta.o(.text)
    __aeabi_memclr4                          0x08000279   Thumb Code     0  memseta.o(.text)
    __aeabi_memclr8                          0x08000279   Thumb Code     0  memseta.o(.text)
    _memset$wrapper                          0x0800027d   Thumb Code    18  memseta.o(.text)
    strlen                                   0x0800028f   Thumb Code    14  strlen.o(.text)
    __aeabi_llsl                             0x0800029d   Thumb Code    30  llshl.o(.text)
    _ll_shift_l                              0x0800029d   Thumb Code     0  llshl.o(.text)
    __aeabi_llsr                             0x080002bb   Thumb Code    32  llushr.o(.text)
    _ll_ushift_r                             0x080002bb   Thumb Code     0  llushr.o(.text)
    __scatterload                            0x080002dd   Thumb Code    28  init.o(.text)
    __scatterload_rt2                        0x080002dd   Thumb Code     0  init.o(.text)
    __decompress                             0x08000301   Thumb Code     0  __dczerorl2.o(.text)
    __decompress1                            0x08000301   Thumb Code    92  __dczerorl2.o(.text)
    BSP_SD_GetCardInfo                       0x0800035d   Thumb Code    14  bsp_driver_sd.o(i.BSP_SD_GetCardInfo)
    BSP_SD_GetStatus                         0x08000371   Thumb Code    10  bsp_driver_sd.o(i.BSP_SD_GetStatus)
    BSP_SD_Init                              0x08000381   Thumb Code    86  bsp_driver_sd.o(i.BSP_SD_Init)
    BSP_SD_IsDetected                        0x080003e1   Thumb Code    12  bsp_driver_sd.o(i.BSP_SD_IsDetected)
    BSP_SD_ReadBlocks                        0x080003ed   Thumb Code    42  bsp_driver_sd.o(i.BSP_SD_ReadBlocks)
    BSP_SD_WriteBlocks                       0x0800041d   Thumb Code    42  bsp_driver_sd.o(i.BSP_SD_WriteBlocks)
    BSP_SD_getBlockSize                      0x0800044d   Thumb Code    18  bsp_driver_sd.o(i.BSP_SD_getBlockSize)
    BSP_SD_getCapacity                       0x08000465   Thumb Code    20  bsp_driver_sd.o(i.BSP_SD_getCapacity)
    DCMI_IRQHandler                          0x08000575   Thumb Code    16  stm32f4xx_it.o(i.DCMI_IRQHandler)
    DMA2_Stream0_IRQHandler                  0x08000589   Thumb Code    10  stm32f4xx_it.o(i.DMA2_Stream0_IRQHandler)
    DMA2_Stream1_IRQHandler                  0x08000599   Thumb Code    22  stm32f4xx_it.o(i.DMA2_Stream1_IRQHandler)
    Debug                                    0x080005fd   Thumb Code    24  main.o(i.Debug)
    EXFLASH_read                             0x08000621   Thumb Code    34  exflash_diskio.o(i.EXFLASH_read)
    EXFLASH_write                            0x08000643   Thumb Code    34  exflash_diskio.o(i.EXFLASH_write)
    FATFS_LinkDriver                         0x08000665   Thumb Code    70  ff_gen_drv.o(i.FATFS_LinkDriver)
    FMC_SDRAM_Init                           0x080006b1   Thumb Code    96  stm32f4xx_ll_fmc.o(i.FMC_SDRAM_Init)
    FMC_SDRAM_ProgramRefreshRate             0x08000711   Thumb Code    14  stm32f4xx_ll_fmc.o(i.FMC_SDRAM_ProgramRefreshRate)
    FMC_SDRAM_SendCommand                    0x0800071f   Thumb Code    84  stm32f4xx_ll_fmc.o(i.FMC_SDRAM_SendCommand)
    FMC_SDRAM_Timing_Init                    0x08000773   Thumb Code   126  stm32f4xx_ll_fmc.o(i.FMC_SDRAM_Timing_Init)
    HAL_DCMI_ErrorCallback                   0x080007f1   Thumb Code    26  main.o(i.HAL_DCMI_ErrorCallback)
    HAL_DCMI_FrameEventCallback              0x08000821   Thumb Code     2  stm32f4xx_hal_dcmi.o(i.HAL_DCMI_FrameEventCallback)
    HAL_DCMI_IRQHandler                      0x08000823   Thumb Code   304  stm32f4xx_hal_dcmi.o(i.HAL_DCMI_IRQHandler)
    HAL_DCMI_Init                            0x08000955   Thumb Code   194  stm32f4xx_hal_dcmi.o(i.HAL_DCMI_Init)
    HAL_DCMI_LineEventCallback               0x08000a1d   Thumb Code     2  stm32f4xx_hal_dcmi.o(i.HAL_DCMI_LineEventCallback)
    HAL_DCMI_MspInit                         0x08000a21   Thumb Code   268  stm32f4xx_hal_msp.o(i.HAL_DCMI_MspInit)
    HAL_DCMI_Start_DMA                       0x08000b51   Thumb Code   194  stm32f4xx_hal_dcmi.o(i.HAL_DCMI_Start_DMA)
    HAL_DCMI_Stop                            0x08000c21   Thumb Code   122  stm32f4xx_hal_dcmi.o(i.HAL_DCMI_Stop)
    HAL_DCMI_VsyncEventCallback              0x08000ca1   Thumb Code     2  stm32f4xx_hal_dcmi.o(i.HAL_DCMI_VsyncEventCallback)
    HAL_DMAEx_ChangeMemory                   0x08000ca3   Thumb Code    18  stm32f4xx_hal_dma_ex.o(i.HAL_DMAEx_ChangeMemory)
    HAL_DMAEx_MultiBufferStart_IT            0x08000cb5   Thumb Code   190  stm32f4xx_hal_dma_ex.o(i.HAL_DMAEx_MultiBufferStart_IT)
    HAL_DMA_Abort                            0x08000d73   Thumb Code    94  stm32f4xx_hal_dma.o(i.HAL_DMA_Abort)
    HAL_DMA_IRQHandler                       0x08000dd1   Thumb Code  9772  stm32f4xx_hal_dma.o(i.HAL_DMA_IRQHandler)
    HAL_DMA_Init                             0x08003405   Thumb Code   120  stm32f4xx_hal_dma.o(i.HAL_DMA_Init)
    HAL_DMA_Start_IT                         0x08003481   Thumb Code   142  stm32f4xx_hal_dma.o(i.HAL_DMA_Start_IT)
    HAL_Delay                                0x0800350f   Thumb Code    26  stm32f4xx_hal.o(i.HAL_Delay)
    HAL_GPIO_Init                            0x0800361d   Thumb Code   466  stm32f4xx_hal_gpio.o(i.HAL_GPIO_Init)
    HAL_GPIO_TogglePin                       0x08003825   Thumb Code     8  stm32f4xx_hal_gpio.o(i.HAL_GPIO_TogglePin)
    HAL_GPIO_WritePin                        0x0800382d   Thumb Code    10  stm32f4xx_hal_gpio.o(i.HAL_GPIO_WritePin)
    HAL_GetTick                              0x08003839   Thumb Code     6  stm32f4xx_hal.o(i.HAL_GetTick)
    HAL_I2C_GetError                         0x08003845   Thumb Code     8  stm32f4xx_hal_i2c.o(i.HAL_I2C_GetError)
    HAL_I2C_GetState                         0x0800384d   Thumb Code     8  stm32f4xx_hal_i2c.o(i.HAL_I2C_GetState)
    HAL_I2C_Init                             0x08003855   Thumb Code   274  stm32f4xx_hal_i2c.o(i.HAL_I2C_Init)
    HAL_I2C_Master_Receive                   0x08003971   Thumb Code   552  stm32f4xx_hal_i2c.o(i.HAL_I2C_Master_Receive)
    HAL_I2C_Master_Transmit                  0x08003ba1   Thumb Code   272  stm32f4xx_hal_i2c.o(i.HAL_I2C_Master_Transmit)
    HAL_I2C_MspInit                          0x08003cb9   Thumb Code    60  stm32f4xx_hal_msp.o(i.HAL_I2C_MspInit)
    HAL_IncTick                              0x08003d01   Thumb Code    12  stm32f4xx_hal.o(i.HAL_IncTick)
    HAL_Init                                 0x08003d11   Thumb Code    54  stm32f4xx_hal.o(i.HAL_Init)
    HAL_InitTick                             0x08003d4d   Thumb Code    36  stm32f4xx_hal.o(i.HAL_InitTick)
    HAL_MspInit                              0x08003d71   Thumb Code     2  stm32f4xx_hal.o(i.HAL_MspInit)
    HAL_NVIC_ClearPendingIRQ                 0x08003d75   Thumb Code    22  stm32f4xx_hal_cortex.o(i.HAL_NVIC_ClearPendingIRQ)
    HAL_NVIC_EnableIRQ                       0x08003d91   Thumb Code    28  stm32f4xx_hal_cortex.o(i.HAL_NVIC_EnableIRQ)
    HAL_NVIC_SetPriority                     0x08003dad   Thumb Code   124  stm32f4xx_hal_cortex.o(i.HAL_NVIC_SetPriority)
    HAL_NVIC_SetPriorityGrouping             0x08003e29   Thumb Code    32  stm32f4xx_hal_cortex.o(i.HAL_NVIC_SetPriorityGrouping)
    HAL_PCDEx_SetRxFiFo                      0x08003e51   Thumb Code    10  stm32f4xx_hal_pcd_ex.o(i.HAL_PCDEx_SetRxFiFo)
    HAL_PCDEx_SetTxFiFo                      0x08003e5b   Thumb Code    82  stm32f4xx_hal_pcd_ex.o(i.HAL_PCDEx_SetTxFiFo)
    HAL_PCD_ConnectCallback                  0x08003ead   Thumb Code    14  usbd_conf.o(i.HAL_PCD_ConnectCallback)
    HAL_PCD_DataInStageCallback              0x08003ebb   Thumb Code    32  usbd_conf.o(i.HAL_PCD_DataInStageCallback)
    HAL_PCD_DataOutStageCallback             0x08003edb   Thumb Code    32  usbd_conf.o(i.HAL_PCD_DataOutStageCallback)
    HAL_PCD_DisconnectCallback               0x08003efb   Thumb Code    14  usbd_conf.o(i.HAL_PCD_DisconnectCallback)
    HAL_PCD_EP_Close                         0x08003f09   Thumb Code   106  stm32f4xx_hal_pcd.o(i.HAL_PCD_EP_Close)
    HAL_PCD_EP_ClrStall                      0x08003f73   Thumb Code   104  stm32f4xx_hal_pcd.o(i.HAL_PCD_EP_ClrStall)
    HAL_PCD_EP_Flush                         0x08003fdb   Thumb Code    68  stm32f4xx_hal_pcd.o(i.HAL_PCD_EP_Flush)
    HAL_PCD_EP_GetRxCount                    0x0800401f   Thumb Code    24  stm32f4xx_hal_pcd.o(i.HAL_PCD_EP_GetRxCount)
    HAL_PCD_EP_Open                          0x08004037   Thumb Code   140  stm32f4xx_hal_pcd.o(i.HAL_PCD_EP_Open)
    HAL_PCD_EP_Receive                       0x080040c3   Thumb Code   120  stm32f4xx_hal_pcd.o(i.HAL_PCD_EP_Receive)
    HAL_PCD_EP_SetStall                      0x0800413b   Thumb Code   122  stm32f4xx_hal_pcd.o(i.HAL_PCD_EP_SetStall)
    HAL_PCD_EP_Transmit                      0x080041b5   Thumb Code   122  stm32f4xx_hal_pcd.o(i.HAL_PCD_EP_Transmit)
    HAL_PCD_IRQHandler                       0x0800422f   Thumb Code  1328  stm32f4xx_hal_pcd.o(i.HAL_PCD_IRQHandler)
    HAL_PCD_ISOINIncompleteCallback          0x0800475f   Thumb Code    18  usbd_conf.o(i.HAL_PCD_ISOINIncompleteCallback)
    HAL_PCD_ISOOUTIncompleteCallback         0x08004771   Thumb Code    18  usbd_conf.o(i.HAL_PCD_ISOOUTIncompleteCallback)
    HAL_PCD_Init                             0x08004783   Thumb Code   322  stm32f4xx_hal_pcd.o(i.HAL_PCD_Init)
    HAL_PCD_MspInit                          0x080048c5   Thumb Code   100  usbd_conf.o(i.HAL_PCD_MspInit)
    HAL_PCD_ResetCallback                    0x08004931   Thumb Code    50  usbd_conf.o(i.HAL_PCD_ResetCallback)
    HAL_PCD_ResumeCallback                   0x08004963   Thumb Code    14  usbd_conf.o(i.HAL_PCD_ResumeCallback)
    HAL_PCD_SOFCallback                      0x08004971   Thumb Code    14  usbd_conf.o(i.HAL_PCD_SOFCallback)
    HAL_PCD_SetAddress                       0x0800497f   Thumb Code    50  stm32f4xx_hal_pcd.o(i.HAL_PCD_SetAddress)
    HAL_PCD_SetupStageCallback               0x080049b1   Thumb Code    18  usbd_conf.o(i.HAL_PCD_SetupStageCallback)
    HAL_PCD_Start                            0x080049c3   Thumb Code    52  stm32f4xx_hal_pcd.o(i.HAL_PCD_Start)
    HAL_PCD_SuspendCallback                  0x080049f7   Thumb Code    14  usbd_conf.o(i.HAL_PCD_SuspendCallback)
    HAL_RCC_ClockConfig                      0x08004a05   Thumb Code   580  stm32f4xx_hal_rcc.o(i.HAL_RCC_ClockConfig)
    HAL_RCC_GetHCLKFreq                      0x08004c51   Thumb Code    42  stm32f4xx_hal_rcc.o(i.HAL_RCC_GetHCLKFreq)
    HAL_RCC_GetPCLK1Freq                     0x08004c89   Thumb Code    36  stm32f4xx_hal_rcc.o(i.HAL_RCC_GetPCLK1Freq)
    HAL_RCC_GetPCLK2Freq                     0x08004cb5   Thumb Code    36  stm32f4xx_hal_rcc.o(i.HAL_RCC_GetPCLK2Freq)
    HAL_RCC_GetSysClockFreq                  0x08004ce1   Thumb Code   182  stm32f4xx_hal_rcc.o(i.HAL_RCC_GetSysClockFreq)
    HAL_RCC_OscConfig                        0x08004da5   Thumb Code   998  stm32f4xx_hal_rcc.o(i.HAL_RCC_OscConfig)
    HAL_SDRAM_Init                           0x0800519d   Thumb Code    58  stm32f4xx_hal_sdram.o(i.HAL_SDRAM_Init)
    HAL_SDRAM_MspInit                        0x080051d7   Thumb Code    10  stm32f4xx_hal_msp.o(i.HAL_SDRAM_MspInit)
    HAL_SDRAM_ProgramRefreshRate             0x080051e1   Thumb Code    40  stm32f4xx_hal_sdram.o(i.HAL_SDRAM_ProgramRefreshRate)
    HAL_SDRAM_SendCommand                    0x08005209   Thumb Code    58  stm32f4xx_hal_sdram.o(i.HAL_SDRAM_SendCommand)
    HAL_SD_GetCardStatus                     0x08005243   Thumb Code   174  stm32f4xx_hal_sd.o(i.HAL_SD_GetCardStatus)
    HAL_SD_GetStatus                         0x080052f1   Thumb Code    34  stm32f4xx_hal_sd.o(i.HAL_SD_GetStatus)
    HAL_SD_Get_CardInfo                      0x08005313   Thumb Code   758  stm32f4xx_hal_sd.o(i.HAL_SD_Get_CardInfo)
    HAL_SD_Init                              0x08005609   Thumb Code   154  stm32f4xx_hal_sd.o(i.HAL_SD_Init)
    HAL_SD_MspInit                           0x080056a5   Thumb Code    84  stm32f4xx_hal_msp.o(i.HAL_SD_MspInit)
    HAL_SD_ReadBlocks                        0x08005709   Thumb Code   482  stm32f4xx_hal_sd.o(i.HAL_SD_ReadBlocks)
    HAL_SD_SendSDStatus                      0x080058eb   Thumb Code   362  stm32f4xx_hal_sd.o(i.HAL_SD_SendSDStatus)
    HAL_SD_StopTransfer                      0x08005a55   Thumb Code    54  stm32f4xx_hal_sd.o(i.HAL_SD_StopTransfer)
    HAL_SD_WideBusOperation_Config           0x08005a8b   Thumb Code   126  stm32f4xx_hal_sd.o(i.HAL_SD_WideBusOperation_Config)
    HAL_SD_WriteBlocks                       0x08005b09   Thumb Code   648  stm32f4xx_hal_sd.o(i.HAL_SD_WriteBlocks)
    HAL_SPI_Init                             0x08005d91   Thumb Code   132  stm32f4xx_hal_spi.o(i.HAL_SPI_Init)
    HAL_SPI_MspInit                          0x08005e15   Thumb Code    58  stm32f4xx_hal_msp.o(i.HAL_SPI_MspInit)
    HAL_SPI_TransmitReceive                  0x08005e5d   Thumb Code   860  stm32f4xx_hal_spi.o(i.HAL_SPI_TransmitReceive)
    HAL_SYSTICK_Callback                     0x080061b9   Thumb Code     2  stm32f4xx_hal_cortex.o(i.HAL_SYSTICK_Callback)
    HAL_SYSTICK_Config                       0x080061bb   Thumb Code    52  stm32f4xx_hal_cortex.o(i.HAL_SYSTICK_Config)
    HAL_SYSTICK_IRQHandler                   0x080061ef   Thumb Code     8  stm32f4xx_hal_cortex.o(i.HAL_SYSTICK_IRQHandler)
    HAL_UART_Init                            0x080061f7   Thumb Code   106  stm32f4xx_hal_uart.o(i.HAL_UART_Init)
    HAL_UART_MspInit                         0x08006261   Thumb Code    58  stm32f4xx_hal_msp.o(i.HAL_UART_MspInit)
    HAL_UART_Transmit                        0x080062a9   Thumb Code   242  stm32f4xx_hal_uart.o(i.HAL_UART_Transmit)
    MSC_BOT_CplClrFeature                    0x080067e5   Thumb Code    54  usbd_msc_bot.o(i.MSC_BOT_CplClrFeature)
    MSC_BOT_DataIn                           0x0800681b   Thumb Code    80  usbd_msc_bot.o(i.MSC_BOT_DataIn)
    MSC_BOT_DataOut                          0x0800686b   Thumb Code    70  usbd_msc_bot.o(i.MSC_BOT_DataOut)
    MSC_BOT_DeInit                           0x080068b1   Thumb Code    10  usbd_msc_bot.o(i.MSC_BOT_DeInit)
    MSC_BOT_Init                             0x080068bb   Thumb Code    70  usbd_msc_bot.o(i.MSC_BOT_Init)
    MSC_BOT_Reset                            0x08006901   Thumb Code    34  usbd_msc_bot.o(i.MSC_BOT_Reset)
    MSC_BOT_SendCSW                          0x08006925   Thumb Code    60  usbd_msc_bot.o(i.MSC_BOT_SendCSW)
    MX_USB_DEVICE_Init                       0x08006d59   Thumb Code    36  usb_device.o(i.MX_USB_DEVICE_Init)
    OTG_FS_IRQHandler                        0x08006dc5   Thumb Code    16  stm32f4xx_it.o(i.OTG_FS_IRQHandler)
    SCSI_ProcessCmd                          0x08006f69   Thumb Code   232  usbd_msc_scsi.o(i.SCSI_ProcessCmd)
    SCSI_SenseCode                           0x0800749f   Thumb Code    76  usbd_msc_scsi.o(i.SCSI_SenseCode)
    SDIO_DataConfig                          0x080076f1   Thumb Code    44  stm32f4xx_ll_sdmmc.o(i.SDIO_DataConfig)
    SDIO_GetCommandResponse                  0x0800771d   Thumb Code     8  stm32f4xx_ll_sdmmc.o(i.SDIO_GetCommandResponse)
    SDIO_GetPowerState                       0x08007725   Thumb Code    10  stm32f4xx_ll_sdmmc.o(i.SDIO_GetPowerState)
    SDIO_GetResponse                         0x08007731   Thumb Code    20  stm32f4xx_ll_sdmmc.o(i.SDIO_GetResponse)
    SDIO_Init                                0x08007749   Thumb Code    52  stm32f4xx_ll_sdmmc.o(i.SDIO_Init)
    SDIO_PowerState_ON                       0x0800777d   Thumb Code    10  stm32f4xx_ll_sdmmc.o(i.SDIO_PowerState_ON)
    SDIO_ReadFIFO                            0x08007787   Thumb Code     8  stm32f4xx_ll_sdmmc.o(i.SDIO_ReadFIFO)
    SDIO_SendCommand                         0x0800778f   Thumb Code    40  stm32f4xx_ll_sdmmc.o(i.SDIO_SendCommand)
    SDIO_WriteFIFO                           0x080077b7   Thumb Code    12  stm32f4xx_ll_sdmmc.o(i.SDIO_WriteFIFO)
    SD_initialize                            0x0800830d   Thumb Code    32  sd_diskio.o(i.SD_initialize)
    SD_ioctl                                 0x08008331   Thumb Code   116  sd_diskio.o(i.SD_ioctl)
    SD_read                                  0x080083a9   Thumb Code    42  sd_diskio.o(i.SD_read)
    SD_status                                0x080083d5   Thumb Code    32  sd_diskio.o(i.SD_status)
    SD_write                                 0x080083f9   Thumb Code    42  sd_diskio.o(i.SD_write)
    SPI_FLASH_Write_Enable                   0x08008425   Thumb Code    30  dataflash.o(i.SPI_FLASH_Write_Enable)
    SPI_Flash_Read                           0x08008449   Thumb Code   102  dataflash.o(i.SPI_Flash_Read)
    SPI_Flash_ReadSR                         0x080084b5   Thumb Code    44  dataflash.o(i.SPI_Flash_ReadSR)
    SPI_Flash_Wait_Busy                      0x080084e5   Thumb Code    16  dataflash.o(i.SPI_Flash_Wait_Busy)
    SPI_Flash_Write                          0x080084f5   Thumb Code   100  dataflash.o(i.SPI_Flash_Write)
    SPI_Flash_Write_NoCheck                  0x08008559   Thumb Code    72  dataflash.o(i.SPI_Flash_Write_NoCheck)
    SPI_Flash_Write_Page                     0x080085a1   Thumb Code    90  dataflash.o(i.SPI_Flash_Write_Page)
    SysTick_Handler                          0x0800885d   Thumb Code    12  stm32f4xx_it.o(i.SysTick_Handler)
    SystemClock_Config                       0x08008869   Thumb Code    98  main.o(i.SystemClock_Config)
    SystemInit                               0x080088d5   Thumb Code    82  system_stm32f4xx.o(i.SystemInit)
    USBD_ClrClassConfig                      0x08008c5b   Thumb Code    22  usbd_core.o(i.USBD_ClrClassConfig)
    USBD_CtlContinueRx                       0x08008cb5   Thumb Code    24  usbd_ioreq.o(i.USBD_CtlContinueRx)
    USBD_CtlContinueSendData                 0x08008ccd   Thumb Code    24  usbd_ioreq.o(i.USBD_CtlContinueSendData)
    USBD_CtlError                            0x08008ce5   Thumb Code    24  usbd_ctlreq.o(i.USBD_CtlError)
    USBD_CtlReceiveStatus                    0x08008cfd   Thumb Code    26  usbd_ioreq.o(i.USBD_CtlReceiveStatus)
    USBD_CtlSendData                         0x08008d17   Thumb Code    34  usbd_ioreq.o(i.USBD_CtlSendData)
    USBD_CtlSendStatus                       0x08008d39   Thumb Code    26  usbd_ioreq.o(i.USBD_CtlSendStatus)
    USBD_FS_ConfigStrDescriptor              0x08008d55   Thumb Code    34  usbd_desc.o(i.USBD_FS_ConfigStrDescriptor)
    USBD_FS_DeviceDescriptor                 0x08008d89   Thumb Code    10  usbd_desc.o(i.USBD_FS_DeviceDescriptor)
    USBD_FS_InterfaceStrDescriptor           0x08008d99   Thumb Code    34  usbd_desc.o(i.USBD_FS_InterfaceStrDescriptor)
    USBD_FS_LangIDStrDescriptor              0x08008dd1   Thumb Code    10  usbd_desc.o(i.USBD_FS_LangIDStrDescriptor)
    USBD_FS_ManufacturerStrDescriptor        0x08008de1   Thumb Code    20  usbd_desc.o(i.USBD_FS_ManufacturerStrDescriptor)
    USBD_FS_ProductStrDescriptor             0x08008e01   Thumb Code    34  usbd_desc.o(i.USBD_FS_ProductStrDescriptor)
    USBD_FS_SerialStrDescriptor              0x08008e41   Thumb Code    34  usbd_desc.o(i.USBD_FS_SerialStrDescriptor)
    USBD_GetString                           0x08009069   Thumb Code    82  usbd_ctlreq.o(i.USBD_GetString)
    USBD_Init                                0x080090bb   Thumb Code    50  usbd_core.o(i.USBD_Init)
    USBD_LL_ClearStallEP                     0x080090ed   Thumb Code    20  usbd_conf.o(i.USBD_LL_ClearStallEP)
    USBD_LL_CloseEP                          0x08009101   Thumb Code    20  usbd_conf.o(i.USBD_LL_CloseEP)
    USBD_LL_DataInStage                      0x08009115   Thumb Code   194  usbd_core.o(i.USBD_LL_DataInStage)
    USBD_LL_DataOutStage                     0x080091d7   Thumb Code   134  usbd_core.o(i.USBD_LL_DataOutStage)
    USBD_LL_DevConnected                     0x0800925d   Thumb Code     6  usbd_core.o(i.USBD_LL_DevConnected)
    USBD_LL_DevDisconnected                  0x08009263   Thumb Code    26  usbd_core.o(i.USBD_LL_DevDisconnected)
    USBD_LL_FlushEP                          0x0800927d   Thumb Code    20  usbd_conf.o(i.USBD_LL_FlushEP)
    USBD_LL_GetRxDataSize                    0x08009291   Thumb Code    18  usbd_conf.o(i.USBD_LL_GetRxDataSize)
    USBD_LL_Init                             0x080092a5   Thumb Code    98  usbd_conf.o(i.USBD_LL_Init)
    USBD_LL_IsStallEP                        0x0800930d   Thumb Code    56  usbd_conf.o(i.USBD_LL_IsStallEP)
    USBD_LL_IsoINIncomplete                  0x08009345   Thumb Code     6  usbd_core.o(i.USBD_LL_IsoINIncomplete)
    USBD_LL_IsoOUTIncomplete                 0x0800934b   Thumb Code     6  usbd_core.o(i.USBD_LL_IsoOUTIncomplete)
    USBD_LL_OpenEP                           0x08009351   Thumb Code    32  usbd_conf.o(i.USBD_LL_OpenEP)
    USBD_LL_PrepareReceive                   0x08009371   Thumb Code    32  usbd_conf.o(i.USBD_LL_PrepareReceive)
    USBD_LL_Reset                            0x08009391   Thumb Code    68  usbd_core.o(i.USBD_LL_Reset)
    USBD_LL_Resume                           0x080093d5   Thumb Code    14  usbd_core.o(i.USBD_LL_Resume)
    USBD_LL_SOF                              0x080093e3   Thumb Code    34  usbd_core.o(i.USBD_LL_SOF)
    USBD_LL_SetSpeed                         0x08009405   Thumb Code     8  usbd_core.o(i.USBD_LL_SetSpeed)
    USBD_LL_SetUSBAddress                    0x0800940d   Thumb Code    20  usbd_conf.o(i.USBD_LL_SetUSBAddress)
    USBD_LL_SetupStage                       0x08009421   Thumb Code   110  usbd_core.o(i.USBD_LL_SetupStage)
    USBD_LL_StallEP                          0x0800948f   Thumb Code    20  usbd_conf.o(i.USBD_LL_StallEP)
    USBD_LL_Start                            0x080094a3   Thumb Code    16  usbd_conf.o(i.USBD_LL_Start)
    USBD_LL_Suspend                          0x080094b3   Thumb Code    20  usbd_core.o(i.USBD_LL_Suspend)
    USBD_LL_Transmit                         0x080094c7   Thumb Code    32  usbd_conf.o(i.USBD_LL_Transmit)
    USBD_MSC_DataIn                          0x080094e7   Thumb Code    18  usbd_msc.o(i.USBD_MSC_DataIn)
    USBD_MSC_DataOut                         0x080094f9   Thumb Code    18  usbd_msc.o(i.USBD_MSC_DataOut)
    USBD_MSC_DeInit                          0x0800950b   Thumb Code    52  usbd_msc.o(i.USBD_MSC_DeInit)
    USBD_MSC_GetDeviceQualifierDescriptor    0x08009541   Thumb Code    10  usbd_msc.o(i.USBD_MSC_GetDeviceQualifierDescriptor)
    USBD_MSC_GetFSCfgDesc                    0x08009551   Thumb Code    10  usbd_msc.o(i.USBD_MSC_GetFSCfgDesc)
    USBD_MSC_GetHSCfgDesc                    0x08009561   Thumb Code    10  usbd_msc.o(i.USBD_MSC_GetHSCfgDesc)
    USBD_MSC_GetOtherSpeedCfgDesc            0x08009571   Thumb Code    10  usbd_msc.o(i.USBD_MSC_GetOtherSpeedCfgDesc)
    USBD_MSC_Init                            0x08009581   Thumb Code   100  usbd_msc.o(i.USBD_MSC_Init)
    USBD_MSC_RegisterStorage                 0x08009605   Thumb Code    12  usbd_msc.o(i.USBD_MSC_RegisterStorage)
    USBD_MSC_Setup                           0x08009611   Thumb Code   296  usbd_msc.o(i.USBD_MSC_Setup)
    USBD_ParseSetupRequest                   0x08009739   Thumb Code    40  usbd_ctlreq.o(i.USBD_ParseSetupRequest)
    USBD_RegisterClass                       0x08009761   Thumb Code    16  usbd_core.o(i.USBD_RegisterClass)
    USBD_RunTestMode                         0x08009771   Thumb Code     6  usbd_core.o(i.USBD_RunTestMode)
    USBD_SetClassConfig                      0x080097cb   Thumb Code    34  usbd_core.o(i.USBD_SetClassConfig)
    USBD_Start                               0x080098f1   Thumb Code    14  usbd_core.o(i.USBD_Start)
    USBD_StdDevReq                           0x080098ff   Thumb Code   114  usbd_ctlreq.o(i.USBD_StdDevReq)
    USBD_StdEPReq                            0x08009971   Thumb Code   316  usbd_ctlreq.o(i.USBD_StdEPReq)
    USBD_StdItfReq                           0x08009aad   Thumb Code    74  usbd_ctlreq.o(i.USBD_StdItfReq)
    USB_ActivateEndpoint                     0x08009af9   Thumb Code   188  stm32f4xx_ll_usb.o(i.USB_ActivateEndpoint)
    USB_ActivateSetup                        0x08009bb9   Thumb Code    68  stm32f4xx_ll_usb.o(i.USB_ActivateSetup)
    USB_CoreInit                             0x08009bfd   Thumb Code   108  stm32f4xx_ll_usb.o(i.USB_CoreInit)
    USB_DeactivateEndpoint                   0x08009cb5   Thumb Code   162  stm32f4xx_ll_usb.o(i.USB_DeactivateEndpoint)
    USB_DevConnect                           0x08009d5d   Thumb Code    30  stm32f4xx_ll_usb.o(i.USB_DevConnect)
    USB_DevDisconnect                        0x08009d7b   Thumb Code    30  stm32f4xx_ll_usb.o(i.USB_DevDisconnect)
    USB_DevInit                              0x08009d99   Thumb Code   402  stm32f4xx_ll_usb.o(i.USB_DevInit)
    USB_DisableGlobalInt                     0x08009f3d   Thumb Code    14  stm32f4xx_ll_usb.o(i.USB_DisableGlobalInt)
    USB_EP0StartXfer                         0x08009f4d   Thumb Code   426  stm32f4xx_ll_usb.o(i.USB_EP0StartXfer)
    USB_EP0_OutStart                         0x0800a0fd   Thumb Code    68  stm32f4xx_ll_usb.o(i.USB_EP0_OutStart)
    USB_EPClearStall                         0x0800a141   Thumb Code   136  stm32f4xx_ll_usb.o(i.USB_EPClearStall)
    USB_EPSetStall                           0x0800a1c9   Thumb Code   140  stm32f4xx_ll_usb.o(i.USB_EPSetStall)
    USB_EPStartXfer                          0x0800a255   Thumb Code   714  stm32f4xx_ll_usb.o(i.USB_EPStartXfer)
    USB_EnableGlobalInt                      0x0800a525   Thumb Code    14  stm32f4xx_ll_usb.o(i.USB_EnableGlobalInt)
    USB_FlushRxFifo                          0x0800a535   Thumb Code    38  stm32f4xx_ll_usb.o(i.USB_FlushRxFifo)
    USB_FlushTxFifo                          0x0800a561   Thumb Code    44  stm32f4xx_ll_usb.o(i.USB_FlushTxFifo)
    USB_GetDevSpeed                          0x0800a591   Thumb Code    68  stm32f4xx_ll_usb.o(i.USB_GetDevSpeed)
    USB_GetMode                              0x0800a5d5   Thumb Code    10  stm32f4xx_ll_usb.o(i.USB_GetMode)
    USB_ReadDevAllInEpInterrupt              0x0800a5df   Thumb Code    18  stm32f4xx_ll_usb.o(i.USB_ReadDevAllInEpInterrupt)
    USB_ReadDevAllOutEpInterrupt             0x0800a5f1   Thumb Code    18  stm32f4xx_ll_usb.o(i.USB_ReadDevAllOutEpInterrupt)
    USB_ReadDevInEPInterrupt                 0x0800a603   Thumb Code    44  stm32f4xx_ll_usb.o(i.USB_ReadDevInEPInterrupt)
    USB_ReadDevOutEPInterrupt                0x0800a62f   Thumb Code    22  stm32f4xx_ll_usb.o(i.USB_ReadDevOutEPInterrupt)
    USB_ReadInterrupts                       0x0800a645   Thumb Code    12  stm32f4xx_ll_usb.o(i.USB_ReadInterrupts)
    USB_ReadPacket                           0x0800a651   Thumb Code    40  stm32f4xx_ll_usb.o(i.USB_ReadPacket)
    USB_SetCurrentMode                       0x0800a679   Thumb Code    48  stm32f4xx_ll_usb.o(i.USB_SetCurrentMode)
    USB_SetDevAddress                        0x0800a6a9   Thumb Code    40  stm32f4xx_ll_usb.o(i.USB_SetDevAddress)
    USB_SetDevSpeed                          0x0800a6d1   Thumb Code    20  stm32f4xx_ll_usb.o(i.USB_SetDevSpeed)
    USB_WritePacket                          0x0800a6e5   Thumb Code    58  stm32f4xx_ll_usb.o(i.USB_WritePacket)
    __0sprintf$8                             0x0800a721   Thumb Code    34  printf8.o(i.__0sprintf$8)
    __1sprintf$8                             0x0800a721   Thumb Code     0  printf8.o(i.__0sprintf$8)
    __2sprintf                               0x0800a721   Thumb Code     0  printf8.o(i.__0sprintf$8)
    __scatterload_copy                       0x0800a749   Thumb Code    14  handlers.o(i.__scatterload_copy)
    __scatterload_null                       0x0800a757   Thumb Code     2  handlers.o(i.__scatterload_null)
    __scatterload_zeroinit                   0x0800a759   Thumb Code    14  handlers.o(i.__scatterload_zeroinit)
    free                                     0x0800abd1   Thumb Code    76  malloc.o(i.free)
    i2cRead                                  0x0800ac21   Thumb Code    80  main.o(i.i2cRead)
    i2cWrite                                 0x0800ac79   Thumb Code    66  main.o(i.i2cWrite)
    main                                     0x0800acc5   Thumb Code   340  main.o(i.main)
    spi_write                                0x0800ae85   Thumb Code    28  dataflash.o(i.spi_write)
    uartWrite                                0x0800aea5   Thumb Code    28  main.o(i.uartWrite)
    change                                   0x0800aec4   Data         648  main.o(.constdata)
    APBAHBPrescTable                         0x0800b1cc   Data          16  stm32f4xx_hal_rcc.o(.constdata)
    MSC_Page00_Inquiry_Data                  0x0800b1dc   Data           7  usbd_msc_data.o(.constdata)
    MSC_Mode_Sense6_data                     0x0800b1e3   Data           8  usbd_msc_data.o(.constdata)
    MSC_Mode_Sense10_data                    0x0800b1eb   Data           8  usbd_msc_data.o(.constdata)
    Region$$Table$$Base                      0x0800b1f4   Number         0  anon$$obj.o(Region$$Table)
    Region$$Table$$Limit                     0x0800b214   Number         0  anon$$obj.o(Region$$Table)
    SDRAMDISK_DriverNum                      0x20000000   Data           1  main.o(.data)
    SDRAMDISK_Path                           0x20000001   Data           4  main.o(.data)
    SD_DriverNum                             0x20000005   Data           1  main.o(.data)
    SD_Path                                  0x20000006   Data           4  main.o(.data)
    ExFlash_DriverNum                        0x2000000a   Data           1  main.o(.data)
    ExFlash_Path                             0x2000000b   Data           4  main.o(.data)
    FS_Desc                                  0x20000018   Data          28  usbd_desc.o(.data)
    USBD_FS_DeviceDesc                       0x20000034   Data          18  usbd_desc.o(.data)
    USBD_LangIDDesc                          0x20000048   Data           4  usbd_desc.o(.data)
    Storage_Inquirydata_FS                   0x2000004d   Data          72  usbd_storage.o(.data)
    USBD_Storage_Interface_fops_FS           0x20000098   Data          32  usbd_storage.o(.data)
    hUsbDevice_0                             0x200000b8   Data           4  usbd_storage.o(.data)
    SystemCoreClock                          0x200000bc   Data           4  system_stm32f4xx.o(.data)
    AHBPrescTable                            0x200000c0   Data          16  system_stm32f4xx.o(.data)
    SD_Driver                                0x200000d8   Data          20  sd_diskio.o(.data)
    USBD_MSC                                 0x200000f0   Data          56  usbd_msc.o(.data)
    USBD_MSC_CfgHSDesc                       0x20000128   Data          32  usbd_msc.o(.data)
    USBD_MSC_CfgFSDesc                       0x20000148   Data          32  usbd_msc.o(.data)
    USBD_MSC_OtherSpeedCfgDesc               0x20000168   Data          32  usbd_msc.o(.data)
    USBD_MSC_DeviceQualifierDesc             0x20000188   Data          10  usbd_msc.o(.data)
    __microlib_freelist                      0x20000194   Data           4  mvars.o(.data)
    hadc1                                    0x20000198   Data          68  main.o(.bss)
    hadc2                                    0x200001dc   Data          68  main.o(.bss)
    hdac                                     0x20000220   Data          20  main.o(.bss)
    hdcmi                                    0x20000234   Data          64  main.o(.bss)
    hdma_dcmi                                0x20000274   Data          80  main.o(.bss)
    hi2c2                                    0x200002c4   Data          56  main.o(.bss)
    hsd                                      0x200002fc   Data          96  main.o(.bss)
    SDCardInfo                               0x20000360   Data          88  main.o(.bss)
    hspi5                                    0x200003b8   Data          84  main.o(.bss)
    huart4                                   0x2000040c   Data          60  main.o(.bss)
    hsdram1                                  0x20000448   Data          52  main.o(.bss)
    DmaHandle                                0x20000abc   Data          80  main.o(.bss)
    hUsbDeviceFS                             0x20000b8c   Data         548  usb_device.o(.bss)
    hpcd_USB_OTG_FS                          0x20000db0   Data         944  usbd_conf.o(.bss)
    USBD_StrDesc                             0x20001160   Data         512  usbd_desc.o(.bss)
    disk                                     0x20001360   Data          16  ff_gen_drv.o(.bss)
    __initial_sp                             0x200037e0   Data           0  startup_stm32f429xx.o(STACK)



==============================================================================

Memory Map of the image

  Image Entry point : 0x080001ad

  Load Region LR_IROM1 (Base: 0x08000000, Size: 0x0000b3ac, Max: 0x00100000, ABSOLUTE, COMPRESSED[0x0000b304])

    Execution Region ER_IROM1 (Base: 0x08000000, Size: 0x0000b214, Max: 0x00100000, ABSOLUTE)

    Base Addr    Size         Type   Attr      Idx    E Section Name        Object

    0x08000000   0x000001ac   Data   RO            3    RESET               startup_stm32f429xx.o
    0x080001ac   0x00000000   Code   RO         6179  * .ARM.Collect$$$$00000000  mc_w.l(entry.o)
    0x080001ac   0x00000004   Code   RO         6481    .ARM.Collect$$$$00000001  mc_w.l(entry2.o)
    0x080001b0   0x00000004   Code   RO         6484    .ARM.Collect$$$$00000004  mc_w.l(entry5.o)
    0x080001b4   0x00000000   Code   RO         6486    .ARM.Collect$$$$00000008  mc_w.l(entry7b.o)
    0x080001b4   0x00000000   Code   RO         6488    .ARM.Collect$$$$0000000A  mc_w.l(entry8b.o)
    0x080001b4   0x00000008   Code   RO         6489    .ARM.Collect$$$$0000000B  mc_w.l(entry9a.o)
    0x080001bc   0x00000000   Code   RO         6491    .ARM.Collect$$$$0000000D  mc_w.l(entry10a.o)
    0x080001bc   0x00000000   Code   RO         6493    .ARM.Collect$$$$0000000F  mc_w.l(entry11a.o)
    0x080001bc   0x00000004   Code   RO         6482    .ARM.Collect$$$$00002712  mc_w.l(entry2.o)
    0x080001c0   0x00000024   Code   RO            4    .text               startup_stm32f429xx.o
    0x080001e4   0x00000062   Code   RO         6182    .text               mc_w.l(uldiv.o)
    0x08000246   0x00000024   Code   RO         6184    .text               mc_w.l(memcpya.o)
    0x0800026a   0x00000024   Code   RO         6186    .text               mc_w.l(memseta.o)
    0x0800028e   0x0000000e   Code   RO         6188    .text               mc_w.l(strlen.o)
    0x0800029c   0x0000001e   Code   RO         6500    .text               mc_w.l(llshl.o)
    0x080002ba   0x00000020   Code   RO         6502    .text               mc_w.l(llushr.o)
    0x080002da   0x00000002   PAD
    0x080002dc   0x00000024   Code   RO         6517    .text               mc_w.l(init.o)
    0x08000300   0x0000005c   Code   RO         6533    .text               mc_w.l(__dczerorl2.o)
    0x0800035c   0x00000014   Code   RO           17    i.BSP_SD_GetCardInfo  bsp_driver_sd.o
    0x08000370   0x00000010   Code   RO           18    i.BSP_SD_GetStatus  bsp_driver_sd.o
    0x08000380   0x00000060   Code   RO           21    i.BSP_SD_Init       bsp_driver_sd.o
    0x080003e0   0x0000000c   Code   RO           22    i.BSP_SD_IsDetected  bsp_driver_sd.o
    0x080003ec   0x00000030   Code   RO           23    i.BSP_SD_ReadBlocks  bsp_driver_sd.o
    0x0800041c   0x00000030   Code   RO           25    i.BSP_SD_WriteBlocks  bsp_driver_sd.o
    0x0800044c   0x00000018   Code   RO           27    i.BSP_SD_getBlockSize  bsp_driver_sd.o
    0x08000464   0x00000018   Code   RO           28    i.BSP_SD_getCapacity  bsp_driver_sd.o
    0x0800047c   0x000000c0   Code   RO         2063    i.DCMI_DMAConvCplt  stm32f4xx_hal_dcmi.o
    0x0800053c   0x00000038   Code   RO         2064    i.DCMI_DMAError     stm32f4xx_hal_dcmi.o
    0x08000574   0x00000014   Code   RO          829    i.DCMI_IRQHandler   stm32f4xx_it.o
    0x08000588   0x00000010   Code   RO          830    i.DMA2_Stream0_IRQHandler  stm32f4xx_it.o
    0x08000598   0x00000024   Code   RO          831    i.DMA2_Stream1_IRQHandler  stm32f4xx_it.o
    0x080005bc   0x00000020   Code   RO         2256    i.DMA_MultiBufferSetConfig  stm32f4xx_hal_dma_ex.o
    0x080005dc   0x00000020   Code   RO         2183    i.DMA_SetConfig     stm32f4xx_hal_dma.o
    0x080005fc   0x00000024   Code   RO          537    i.Debug             main.o
    0x08000620   0x00000022   Code   RO         5089    i.EXFLASH_read      exflash_diskio.o
    0x08000642   0x00000022   Code   RO         5091    i.EXFLASH_write     exflash_diskio.o
    0x08000664   0x0000004c   Code   RO         5532    i.FATFS_LinkDriver  ff_gen_drv.o
    0x080006b0   0x00000060   Code   RO         4403    i.FMC_SDRAM_Init    stm32f4xx_ll_fmc.o
    0x08000710   0x0000000e   Code   RO         4404    i.FMC_SDRAM_ProgramRefreshRate  stm32f4xx_ll_fmc.o
    0x0800071e   0x00000054   Code   RO         4405    i.FMC_SDRAM_SendCommand  stm32f4xx_ll_fmc.o
    0x08000772   0x0000007e   Code   RO         4407    i.FMC_SDRAM_Timing_Init  stm32f4xx_ll_fmc.o
    0x080007f0   0x00000030   Code   RO          539    i.HAL_DCMI_ErrorCallback  main.o
    0x08000820   0x00000002   Code   RO         2070    i.HAL_DCMI_FrameEventCallback  stm32f4xx_hal_dcmi.o
    0x08000822   0x00000130   Code   RO         2073    i.HAL_DCMI_IRQHandler  stm32f4xx_hal_dcmi.o
    0x08000952   0x00000002   PAD
    0x08000954   0x000000c8   Code   RO         2074    i.HAL_DCMI_Init     stm32f4xx_hal_dcmi.o
    0x08000a1c   0x00000002   Code   RO         2075    i.HAL_DCMI_LineEventCallback  stm32f4xx_hal_dcmi.o
    0x08000a1e   0x00000002   PAD
    0x08000a20   0x00000130   Code   RO          711    i.HAL_DCMI_MspInit  stm32f4xx_hal_msp.o
    0x08000b50   0x000000d0   Code   RO         2078    i.HAL_DCMI_Start_DMA  stm32f4xx_hal_dcmi.o
    0x08000c20   0x00000080   Code   RO         2079    i.HAL_DCMI_Stop     stm32f4xx_hal_dcmi.o
    0x08000ca0   0x00000002   Code   RO         2080    i.HAL_DCMI_VsyncEventCallback  stm32f4xx_hal_dcmi.o
    0x08000ca2   0x00000012   Code   RO         2257    i.HAL_DMAEx_ChangeMemory  stm32f4xx_hal_dma_ex.o
    0x08000cb4   0x000000be   Code   RO         2259    i.HAL_DMAEx_MultiBufferStart_IT  stm32f4xx_hal_dma_ex.o
    0x08000d72   0x0000005e   Code   RO         2184    i.HAL_DMA_Abort     stm32f4xx_hal_dma.o
    0x08000dd0   0x00002634   Code   RO         2188    i.HAL_DMA_IRQHandler  stm32f4xx_hal_dma.o
    0x08003404   0x0000007c   Code   RO         2189    i.HAL_DMA_Init      stm32f4xx_hal_dma.o
    0x08003480   0x0000008e   Code   RO         2192    i.HAL_DMA_Start_IT  stm32f4xx_hal_dma.o
    0x0800350e   0x0000001a   Code   RO         1308    i.HAL_Delay         stm32f4xx_hal.o
    0x08003528   0x000000f4   Code   RO          713    i.HAL_FMC_MspInit   stm32f4xx_hal_msp.o
    0x0800361c   0x00000208   Code   RO         2564    i.HAL_GPIO_Init     stm32f4xx_hal_gpio.o
    0x08003824   0x00000008   Code   RO         2567    i.HAL_GPIO_TogglePin  stm32f4xx_hal_gpio.o
    0x0800382c   0x0000000a   Code   RO         2568    i.HAL_GPIO_WritePin  stm32f4xx_hal_gpio.o
    0x08003836   0x00000002   PAD
    0x08003838   0x0000000c   Code   RO         1322    i.HAL_GetTick       stm32f4xx_hal.o
    0x08003844   0x00000008   Code   RO         2627    i.HAL_I2C_GetError  stm32f4xx_hal_i2c.o
    0x0800384c   0x00000008   Code   RO         2628    i.HAL_I2C_GetState  stm32f4xx_hal_i2c.o
    0x08003854   0x0000011c   Code   RO         2629    i.HAL_I2C_Init      stm32f4xx_hal_i2c.o
    0x08003970   0x00000230   Code   RO         2633    i.HAL_I2C_Master_Receive  stm32f4xx_hal_i2c.o
    0x08003ba0   0x00000118   Code   RO         2636    i.HAL_I2C_Master_Transmit  stm32f4xx_hal_i2c.o
    0x08003cb8   0x00000048   Code   RO          715    i.HAL_I2C_MspInit   stm32f4xx_hal_msp.o
    0x08003d00   0x00000010   Code   RO         1323    i.HAL_IncTick       stm32f4xx_hal.o
    0x08003d10   0x0000003c   Code   RO         1324    i.HAL_Init          stm32f4xx_hal.o
    0x08003d4c   0x00000024   Code   RO         1325    i.HAL_InitTick      stm32f4xx_hal.o
    0x08003d70   0x00000002   Code   RO         1327    i.HAL_MspInit       stm32f4xx_hal.o
    0x08003d72   0x00000002   PAD
    0x08003d74   0x0000001c   Code   RO         1728    i.HAL_NVIC_ClearPendingIRQ  stm32f4xx_hal_cortex.o
    0x08003d90   0x0000001c   Code   RO         1730    i.HAL_NVIC_EnableIRQ  stm32f4xx_hal_cortex.o
    0x08003dac   0x0000007c   Code   RO         1736    i.HAL_NVIC_SetPriority  stm32f4xx_hal_cortex.o
    0x08003e28   0x00000028   Code   RO         1737    i.HAL_NVIC_SetPriorityGrouping  stm32f4xx_hal_cortex.o
    0x08003e50   0x0000000a   Code   RO         3198    i.HAL_PCDEx_SetRxFiFo  stm32f4xx_hal_pcd_ex.o
    0x08003e5a   0x00000052   Code   RO         3199    i.HAL_PCDEx_SetTxFiFo  stm32f4xx_hal_pcd_ex.o
    0x08003eac   0x0000000e   Code   RO          931    i.HAL_PCD_ConnectCallback  usbd_conf.o
    0x08003eba   0x00000020   Code   RO          932    i.HAL_PCD_DataInStageCallback  usbd_conf.o
    0x08003eda   0x00000020   Code   RO          933    i.HAL_PCD_DataOutStageCallback  usbd_conf.o
    0x08003efa   0x0000000e   Code   RO          934    i.HAL_PCD_DisconnectCallback  usbd_conf.o
    0x08003f08   0x0000006a   Code   RO         2996    i.HAL_PCD_EP_Close  stm32f4xx_hal_pcd.o
    0x08003f72   0x00000068   Code   RO         2997    i.HAL_PCD_EP_ClrStall  stm32f4xx_hal_pcd.o
    0x08003fda   0x00000044   Code   RO         2998    i.HAL_PCD_EP_Flush  stm32f4xx_hal_pcd.o
    0x0800401e   0x00000018   Code   RO         2999    i.HAL_PCD_EP_GetRxCount  stm32f4xx_hal_pcd.o
    0x08004036   0x0000008c   Code   RO         3000    i.HAL_PCD_EP_Open   stm32f4xx_hal_pcd.o
    0x080040c2   0x00000078   Code   RO         3001    i.HAL_PCD_EP_Receive  stm32f4xx_hal_pcd.o
    0x0800413a   0x0000007a   Code   RO         3002    i.HAL_PCD_EP_SetStall  stm32f4xx_hal_pcd.o
    0x080041b4   0x0000007a   Code   RO         3003    i.HAL_PCD_EP_Transmit  stm32f4xx_hal_pcd.o
    0x0800422e   0x00000530   Code   RO         3005    i.HAL_PCD_IRQHandler  stm32f4xx_hal_pcd.o
    0x0800475e   0x00000012   Code   RO          935    i.HAL_PCD_ISOINIncompleteCallback  usbd_conf.o
    0x08004770   0x00000012   Code   RO          936    i.HAL_PCD_ISOOUTIncompleteCallback  usbd_conf.o
    0x08004782   0x00000142   Code   RO         3008    i.HAL_PCD_Init      stm32f4xx_hal_pcd.o
    0x080048c4   0x0000006c   Code   RO          938    i.HAL_PCD_MspInit   usbd_conf.o
    0x08004930   0x00000032   Code   RO          939    i.HAL_PCD_ResetCallback  usbd_conf.o
    0x08004962   0x0000000e   Code   RO          940    i.HAL_PCD_ResumeCallback  usbd_conf.o
    0x08004970   0x0000000e   Code   RO          941    i.HAL_PCD_SOFCallback  usbd_conf.o
    0x0800497e   0x00000032   Code   RO         3014    i.HAL_PCD_SetAddress  stm32f4xx_hal_pcd.o
    0x080049b0   0x00000012   Code   RO          942    i.HAL_PCD_SetupStageCallback  usbd_conf.o
    0x080049c2   0x00000034   Code   RO         3016    i.HAL_PCD_Start     stm32f4xx_hal_pcd.o
    0x080049f6   0x0000000e   Code   RO          943    i.HAL_PCD_SuspendCallback  usbd_conf.o
    0x08004a04   0x0000024c   Code   RO         3373    i.HAL_RCC_ClockConfig  stm32f4xx_hal_rcc.o
    0x08004c50   0x00000038   Code   RO         3378    i.HAL_RCC_GetHCLKFreq  stm32f4xx_hal_rcc.o
    0x08004c88   0x0000002c   Code   RO         3380    i.HAL_RCC_GetPCLK1Freq  stm32f4xx_hal_rcc.o
    0x08004cb4   0x0000002c   Code   RO         3381    i.HAL_RCC_GetPCLK2Freq  stm32f4xx_hal_rcc.o
    0x08004ce0   0x000000c4   Code   RO         3382    i.HAL_RCC_GetSysClockFreq  stm32f4xx_hal_rcc.o
    0x08004da4   0x000003f8   Code   RO         3385    i.HAL_RCC_OscConfig  stm32f4xx_hal_rcc.o
    0x0800519c   0x0000003a   Code   RO         3769    i.HAL_SDRAM_Init    stm32f4xx_hal_sdram.o
    0x080051d6   0x0000000a   Code   RO          717    i.HAL_SDRAM_MspInit  stm32f4xx_hal_msp.o
    0x080051e0   0x00000028   Code   RO         3772    i.HAL_SDRAM_ProgramRefreshRate  stm32f4xx_hal_sdram.o
    0x08005208   0x0000003a   Code   RO         3778    i.HAL_SDRAM_SendCommand  stm32f4xx_hal_sdram.o
    0x08005242   0x000000ae   Code   RO         3507    i.HAL_SD_GetCardStatus  stm32f4xx_hal_sd.o
    0x080052f0   0x00000022   Code   RO         3508    i.HAL_SD_GetStatus  stm32f4xx_hal_sd.o
    0x08005312   0x000002f6   Code   RO         3509    i.HAL_SD_Get_CardInfo  stm32f4xx_hal_sd.o
    0x08005608   0x0000009a   Code   RO         3512    i.HAL_SD_Init       stm32f4xx_hal_sd.o
    0x080056a2   0x00000002   PAD
    0x080056a4   0x00000064   Code   RO          719    i.HAL_SD_MspInit    stm32f4xx_hal_msp.o
    0x08005708   0x000001e2   Code   RO         3515    i.HAL_SD_ReadBlocks  stm32f4xx_hal_sd.o
    0x080058ea   0x0000016a   Code   RO         3517    i.HAL_SD_SendSDStatus  stm32f4xx_hal_sd.o
    0x08005a54   0x00000036   Code   RO         3518    i.HAL_SD_StopTransfer  stm32f4xx_hal_sd.o
    0x08005a8a   0x0000007e   Code   RO         3519    i.HAL_SD_WideBusOperation_Config  stm32f4xx_hal_sd.o
    0x08005b08   0x00000288   Code   RO         3520    i.HAL_SD_WriteBlocks  stm32f4xx_hal_sd.o
    0x08005d90   0x00000084   Code   RO         3923    i.HAL_SPI_Init      stm32f4xx_hal_spi.o
    0x08005e14   0x00000048   Code   RO          721    i.HAL_SPI_MspInit   stm32f4xx_hal_msp.o
    0x08005e5c   0x0000035c   Code   RO         3932    i.HAL_SPI_TransmitReceive  stm32f4xx_hal_spi.o
    0x080061b8   0x00000002   Code   RO         1740    i.HAL_SYSTICK_Callback  stm32f4xx_hal_cortex.o
    0x080061ba   0x00000034   Code   RO         1741    i.HAL_SYSTICK_Config  stm32f4xx_hal_cortex.o
    0x080061ee   0x00000008   Code   RO         1742    i.HAL_SYSTICK_IRQHandler  stm32f4xx_hal_cortex.o
    0x080061f6   0x0000006a   Code   RO         4166    i.HAL_UART_Init     stm32f4xx_hal_uart.o
    0x08006260   0x00000048   Code   RO          723    i.HAL_UART_MspInit  stm32f4xx_hal_msp.o
    0x080062a8   0x000000f2   Code   RO         4174    i.HAL_UART_Transmit  stm32f4xx_hal_uart.o
    0x0800639a   0x00000002   PAD
    0x0800639c   0x000000f8   Code   RO         2666    i.I2C_MasterRequestRead  stm32f4xx_hal_i2c.o
    0x08006494   0x00000090   Code   RO         2667    i.I2C_MasterRequestWrite  stm32f4xx_hal_i2c.o
    0x08006524   0x000000de   Code   RO         2679    i.I2C_WaitOnFlagUntilTimeout  stm32f4xx_hal_i2c.o
    0x08006602   0x000000ac   Code   RO         2680    i.I2C_WaitOnMasterAddressFlagUntilTimeout  stm32f4xx_hal_i2c.o
    0x080066ae   0x00000048   Code   RO         5983    i.MSC_BOT_Abort     usbd_msc_bot.o
    0x080066f6   0x00000002   PAD
    0x080066f8   0x000000ec   Code   RO         5984    i.MSC_BOT_CBW_Decode  usbd_msc_bot.o
    0x080067e4   0x00000036   Code   RO         5985    i.MSC_BOT_CplClrFeature  usbd_msc_bot.o
    0x0800681a   0x00000050   Code   RO         5986    i.MSC_BOT_DataIn    usbd_msc_bot.o
    0x0800686a   0x00000046   Code   RO         5987    i.MSC_BOT_DataOut   usbd_msc_bot.o
    0x080068b0   0x0000000a   Code   RO         5988    i.MSC_BOT_DeInit    usbd_msc_bot.o
    0x080068ba   0x00000046   Code   RO         5989    i.MSC_BOT_Init      usbd_msc_bot.o
    0x08006900   0x00000022   Code   RO         5990    i.MSC_BOT_Reset     usbd_msc_bot.o
    0x08006922   0x00000002   PAD
    0x08006924   0x00000040   Code   RO         5991    i.MSC_BOT_SendCSW   usbd_msc_bot.o
    0x08006964   0x00000058   Code   RO         5992    i.MSC_BOT_SendData  usbd_msc_bot.o
    0x080069bc   0x0000002c   Code   RO          543    i.MX_DCMI_Init      main.o
    0x080069e8   0x0000002c   Code   RO          544    i.MX_DMA_Init       main.o
    0x08006a14   0x00000080   Code   RO          545    i.MX_FMC_Init       main.o
    0x08006a94   0x000001f8   Code   RO          546    i.MX_GPIO_Init      main.o
    0x08006c8c   0x00000038   Code   RO          547    i.MX_I2C2_Init      main.o
    0x08006cc4   0x0000002c   Code   RO          548    i.MX_SDIO_SD_Init   main.o
    0x08006cf0   0x00000038   Code   RO          549    i.MX_SPI5_Init      main.o
    0x08006d28   0x00000030   Code   RO          550    i.MX_UART4_Init     main.o
    0x08006d58   0x00000034   Code   RO          877    i.MX_USB_DEVICE_Init  usb_device.o
    0x08006d8c   0x00000010   Code   RO         1743    i.NVIC_GetPriorityGrouping  stm32f4xx_hal_cortex.o
    0x08006d9c   0x00000028   Code   RO         1744    i.NVIC_SetPriority  stm32f4xx_hal_cortex.o
    0x08006dc4   0x00000014   Code   RO          832    i.OTG_FS_IRQHandler  stm32f4xx_it.o
    0x08006dd8   0x000000b0   Code   RO         3019    i.PCD_WriteEmptyTxFifo  stm32f4xx_hal_pcd.o
    0x08006e88   0x00000036   Code   RO         6081    i.SCSI_CheckAddressRange  usbd_msc_scsi.o
    0x08006ebe   0x00000002   PAD
    0x08006ec0   0x00000050   Code   RO         6082    i.SCSI_Inquiry      usbd_msc_scsi.o
    0x08006f10   0x0000002c   Code   RO         6083    i.SCSI_ModeSense10  usbd_msc_scsi.o
    0x08006f3c   0x0000002c   Code   RO         6084    i.SCSI_ModeSense6   usbd_msc_scsi.o
    0x08006f68   0x000000e8   Code   RO         6085    i.SCSI_ProcessCmd   usbd_msc_scsi.o
    0x08007050   0x000000b8   Code   RO         6086    i.SCSI_ProcessRead  usbd_msc_scsi.o
    0x08007108   0x000000d6   Code   RO         6087    i.SCSI_ProcessWrite  usbd_msc_scsi.o
    0x080071de   0x00000104   Code   RO         6088    i.SCSI_Read10       usbd_msc_scsi.o
    0x080072e2   0x00000094   Code   RO         6089    i.SCSI_ReadCapacity10  usbd_msc_scsi.o
    0x08007376   0x0000008a   Code   RO         6090    i.SCSI_ReadFormatCapacity  usbd_msc_scsi.o
    0x08007400   0x0000009e   Code   RO         6091    i.SCSI_RequestSense  usbd_msc_scsi.o
    0x0800749e   0x0000004c   Code   RO         6092    i.SCSI_SenseCode    usbd_msc_scsi.o
    0x080074ea   0x00000010   Code   RO         6093    i.SCSI_StartStopUnit  usbd_msc_scsi.o
    0x080074fa   0x0000005a   Code   RO         6094    i.SCSI_TestUnitReady  usbd_msc_scsi.o
    0x08007554   0x00000054   Code   RO         6095    i.SCSI_Verify10     usbd_msc_scsi.o
    0x080075a8   0x00000148   Code   RO         6096    i.SCSI_Write10      usbd_msc_scsi.o
    0x080076f0   0x0000002c   Code   RO         4559    i.SDIO_DataConfig   stm32f4xx_ll_sdmmc.o
    0x0800771c   0x00000008   Code   RO         4560    i.SDIO_GetCommandResponse  stm32f4xx_ll_sdmmc.o
    0x08007724   0x0000000a   Code   RO         4563    i.SDIO_GetPowerState  stm32f4xx_ll_sdmmc.o
    0x0800772e   0x00000002   PAD
    0x08007730   0x00000018   Code   RO         4564    i.SDIO_GetResponse  stm32f4xx_ll_sdmmc.o
    0x08007748   0x00000034   Code   RO         4565    i.SDIO_Init         stm32f4xx_ll_sdmmc.o
    0x0800777c   0x0000000a   Code   RO         4567    i.SDIO_PowerState_ON  stm32f4xx_ll_sdmmc.o
    0x08007786   0x00000008   Code   RO         4568    i.SDIO_ReadFIFO     stm32f4xx_ll_sdmmc.o
    0x0800778e   0x00000028   Code   RO         4569    i.SDIO_SendCommand  stm32f4xx_ll_sdmmc.o
    0x080077b6   0x0000000c   Code   RO         4571    i.SDIO_WriteFIFO    stm32f4xx_ll_sdmmc.o
    0x080077c2   0x00000002   PAD
    0x080077c4   0x00000094   Code   RO          551    i.SDRAM_Initialization_Sequence  main.o
    0x08007858   0x00000036   Code   RO         3524    i.SD_CmdError       stm32f4xx_hal_sd.o
    0x0800788e   0x00000002   PAD
    0x08007890   0x00000180   Code   RO         3525    i.SD_CmdResp1Error  stm32f4xx_hal_sd.o
    0x08007a10   0x00000044   Code   RO         3526    i.SD_CmdResp2Error  stm32f4xx_hal_sd.o
    0x08007a54   0x00000030   Code   RO         3527    i.SD_CmdResp3Error  stm32f4xx_hal_sd.o
    0x08007a84   0x000000aa   Code   RO         3528    i.SD_CmdResp6Error  stm32f4xx_hal_sd.o
    0x08007b2e   0x00000066   Code   RO         3529    i.SD_CmdResp7Error  stm32f4xx_hal_sd.o
    0x08007b94   0x00000170   Code   RO         3534    i.SD_FindSCR        stm32f4xx_hal_sd.o
    0x08007d04   0x0000001e   Code   RO         3535    i.SD_GetState       stm32f4xx_hal_sd.o
    0x08007d22   0x000000fa   Code   RO         3536    i.SD_Initialize_Cards  stm32f4xx_hal_sd.o
    0x08007e1c   0x000001d4   Code   RO         3537    i.SD_IsCardProgramming  stm32f4xx_hal_sd.o
    0x08007ff0   0x00000160   Code   RO         3539    i.SD_PowerON        stm32f4xx_hal_sd.o
    0x08008150   0x00000040   Code   RO         3540    i.SD_Select_Deselect  stm32f4xx_hal_sd.o
    0x08008190   0x00000050   Code   RO         3541    i.SD_SendStatus     stm32f4xx_hal_sd.o
    0x080081e0   0x00000096   Code   RO         3542    i.SD_WideBus_Disable  stm32f4xx_hal_sd.o
    0x08008276   0x00000096   Code   RO         3543    i.SD_WideBus_Enable  stm32f4xx_hal_sd.o
    0x0800830c   0x00000024   Code   RO         4986    i.SD_initialize     sd_diskio.o
    0x08008330   0x00000078   Code   RO         4987    i.SD_ioctl          sd_diskio.o
    0x080083a8   0x0000002a   Code   RO         4988    i.SD_read           sd_diskio.o
    0x080083d2   0x00000002   PAD
    0x080083d4   0x00000024   Code   RO         4989    i.SD_status         sd_diskio.o
    0x080083f8   0x0000002a   Code   RO         4990    i.SD_write          sd_diskio.o
    0x08008422   0x00000002   PAD
    0x08008424   0x00000024   Code   RO          321    i.SPI_FLASH_Write_Enable  dataflash.o
    0x08008448   0x0000006c   Code   RO          323    i.SPI_Flash_Read    dataflash.o
    0x080084b4   0x00000030   Code   RO          325    i.SPI_Flash_ReadSR  dataflash.o
    0x080084e4   0x00000010   Code   RO          326    i.SPI_Flash_Wait_Busy  dataflash.o
    0x080084f4   0x00000064   Code   RO          327    i.SPI_Flash_Write   dataflash.o
    0x08008558   0x00000048   Code   RO          328    i.SPI_Flash_Write_NoCheck  dataflash.o
    0x080085a0   0x00000060   Code   RO          329    i.SPI_Flash_Write_Page  dataflash.o
    0x08008600   0x00000112   Code   RO         3953    i.SPI_WaitOnFlagUntilTimeout  stm32f4xx_hal_spi.o
    0x08008712   0x0000003a   Code   RO         1215    i.Storage_GetCapacity_FS  usbd_storage.o
    0x0800874c   0x00000004   Code   RO         1216    i.Storage_GetMaxLun_FS  usbd_storage.o
    0x08008750   0x00000010   Code   RO         1217    i.Storage_Init_FS   usbd_storage.o
    0x08008760   0x00000018   Code   RO         1218    i.Storage_IsReady_FS  usbd_storage.o
    0x08008778   0x00000006   Code   RO         1219    i.Storage_IsWriteProtected_FS  usbd_storage.o
    0x0800877e   0x00000002   PAD
    0x08008780   0x0000006c   Code   RO         1220    i.Storage_Read_FS   usbd_storage.o
    0x080087ec   0x00000070   Code   RO         1221    i.Storage_Write_FS  usbd_storage.o
    0x0800885c   0x0000000c   Code   RO          833    i.SysTick_Handler   stm32f4xx_it.o
    0x08008868   0x0000006c   Code   RO          552    i.SystemClock_Config  main.o
    0x080088d4   0x00000064   Code   RO         1276    i.SystemInit        system_stm32f4xx.o
    0x08008938   0x00000228   Code   RO         4185    i.UART_SetConfig    stm32f4xx_hal_uart.o
    0x08008b60   0x000000fa   Code   RO         4187    i.UART_WaitOnFlagUntilTimeout  stm32f4xx_hal_uart.o
    0x08008c5a   0x00000016   Code   RO         5621    i.USBD_ClrClassConfig  usbd_core.o
    0x08008c70   0x00000044   Code   RO         5755    i.USBD_ClrFeature   usbd_ctlreq.o
    0x08008cb4   0x00000018   Code   RO         5846    i.USBD_CtlContinueRx  usbd_ioreq.o
    0x08008ccc   0x00000018   Code   RO         5847    i.USBD_CtlContinueSendData  usbd_ioreq.o
    0x08008ce4   0x00000018   Code   RO         5756    i.USBD_CtlError     usbd_ctlreq.o
    0x08008cfc   0x0000001a   Code   RO         5849    i.USBD_CtlReceiveStatus  usbd_ioreq.o
    0x08008d16   0x00000022   Code   RO         5850    i.USBD_CtlSendData  usbd_ioreq.o
    0x08008d38   0x0000001a   Code   RO         5851    i.USBD_CtlSendStatus  usbd_ioreq.o
    0x08008d52   0x00000002   PAD
    0x08008d54   0x00000034   Code   RO         1116    i.USBD_FS_ConfigStrDescriptor  usbd_desc.o
    0x08008d88   0x00000010   Code   RO         1117    i.USBD_FS_DeviceDescriptor  usbd_desc.o
    0x08008d98   0x00000038   Code   RO         1118    i.USBD_FS_InterfaceStrDescriptor  usbd_desc.o
    0x08008dd0   0x00000010   Code   RO         1119    i.USBD_FS_LangIDStrDescriptor  usbd_desc.o
    0x08008de0   0x00000020   Code   RO         1120    i.USBD_FS_ManufacturerStrDescriptor  usbd_desc.o
    0x08008e00   0x00000040   Code   RO         1121    i.USBD_FS_ProductStrDescriptor  usbd_desc.o
    0x08008e40   0x00000038   Code   RO         1122    i.USBD_FS_SerialStrDescriptor  usbd_desc.o
    0x08008e78   0x00000050   Code   RO         5757    i.USBD_GetConfig    usbd_ctlreq.o
    0x08008ec8   0x00000148   Code   RO         5758    i.USBD_GetDescriptor  usbd_ctlreq.o
    0x08009010   0x00000014   Code   RO         5759    i.USBD_GetLen       usbd_ctlreq.o
    0x08009024   0x00000044   Code   RO         5760    i.USBD_GetStatus    usbd_ctlreq.o
    0x08009068   0x00000052   Code   RO         5761    i.USBD_GetString    usbd_ctlreq.o
    0x080090ba   0x00000032   Code   RO         5623    i.USBD_Init         usbd_core.o
    0x080090ec   0x00000014   Code   RO          944    i.USBD_LL_ClearStallEP  usbd_conf.o
    0x08009100   0x00000014   Code   RO          945    i.USBD_LL_CloseEP   usbd_conf.o
    0x08009114   0x000000c2   Code   RO         5624    i.USBD_LL_DataInStage  usbd_core.o
    0x080091d6   0x00000086   Code   RO         5625    i.USBD_LL_DataOutStage  usbd_core.o
    0x0800925c   0x00000006   Code   RO         5626    i.USBD_LL_DevConnected  usbd_core.o
    0x08009262   0x0000001a   Code   RO         5627    i.USBD_LL_DevDisconnected  usbd_core.o
    0x0800927c   0x00000014   Code   RO          948    i.USBD_LL_FlushEP   usbd_conf.o
    0x08009290   0x00000012   Code   RO          949    i.USBD_LL_GetRxDataSize  usbd_conf.o
    0x080092a2   0x00000002   PAD
    0x080092a4   0x00000068   Code   RO          950    i.USBD_LL_Init      usbd_conf.o
    0x0800930c   0x00000038   Code   RO          951    i.USBD_LL_IsStallEP  usbd_conf.o
    0x08009344   0x00000006   Code   RO         5628    i.USBD_LL_IsoINIncomplete  usbd_core.o
    0x0800934a   0x00000006   Code   RO         5629    i.USBD_LL_IsoOUTIncomplete  usbd_core.o
    0x08009350   0x00000020   Code   RO          952    i.USBD_LL_OpenEP    usbd_conf.o
    0x08009370   0x00000020   Code   RO          953    i.USBD_LL_PrepareReceive  usbd_conf.o
    0x08009390   0x00000044   Code   RO         5630    i.USBD_LL_Reset     usbd_core.o
    0x080093d4   0x0000000e   Code   RO         5631    i.USBD_LL_Resume    usbd_core.o
    0x080093e2   0x00000022   Code   RO         5632    i.USBD_LL_SOF       usbd_core.o
    0x08009404   0x00000008   Code   RO         5633    i.USBD_LL_SetSpeed  usbd_core.o
    0x0800940c   0x00000014   Code   RO          954    i.USBD_LL_SetUSBAddress  usbd_conf.o
    0x08009420   0x0000006e   Code   RO         5634    i.USBD_LL_SetupStage  usbd_core.o
    0x0800948e   0x00000014   Code   RO          955    i.USBD_LL_StallEP   usbd_conf.o
    0x080094a2   0x00000010   Code   RO          956    i.USBD_LL_Start     usbd_conf.o
    0x080094b2   0x00000014   Code   RO         5635    i.USBD_LL_Suspend   usbd_core.o
    0x080094c6   0x00000020   Code   RO          958    i.USBD_LL_Transmit  usbd_conf.o
    0x080094e6   0x00000012   Code   RO         5902    i.USBD_MSC_DataIn   usbd_msc.o
    0x080094f8   0x00000012   Code   RO         5903    i.USBD_MSC_DataOut  usbd_msc.o
    0x0800950a   0x00000034   Code   RO         5904    i.USBD_MSC_DeInit   usbd_msc.o
    0x0800953e   0x00000002   PAD
    0x08009540   0x00000010   Code   RO         5905    i.USBD_MSC_GetDeviceQualifierDescriptor  usbd_msc.o
    0x08009550   0x00000010   Code   RO         5906    i.USBD_MSC_GetFSCfgDesc  usbd_msc.o
    0x08009560   0x00000010   Code   RO         5907    i.USBD_MSC_GetHSCfgDesc  usbd_msc.o
    0x08009570   0x00000010   Code   RO         5908    i.USBD_MSC_GetOtherSpeedCfgDesc  usbd_msc.o
    0x08009580   0x00000084   Code   RO         5909    i.USBD_MSC_Init     usbd_msc.o
    0x08009604   0x0000000c   Code   RO         5910    i.USBD_MSC_RegisterStorage  usbd_msc.o
    0x08009610   0x00000128   Code   RO         5911    i.USBD_MSC_Setup    usbd_msc.o
    0x08009738   0x00000028   Code   RO         5762    i.USBD_ParseSetupRequest  usbd_ctlreq.o
    0x08009760   0x00000010   Code   RO         5636    i.USBD_RegisterClass  usbd_core.o
    0x08009770   0x00000006   Code   RO         5637    i.USBD_RunTestMode  usbd_core.o
    0x08009776   0x00000054   Code   RO         5763    i.USBD_SetAddress   usbd_ctlreq.o
    0x080097ca   0x00000022   Code   RO         5638    i.USBD_SetClassConfig  usbd_core.o
    0x080097ec   0x000000e0   Code   RO         5764    i.USBD_SetConfig    usbd_ctlreq.o
    0x080098cc   0x00000024   Code   RO         5765    i.USBD_SetFeature   usbd_ctlreq.o
    0x080098f0   0x0000000e   Code   RO         5639    i.USBD_Start        usbd_core.o
    0x080098fe   0x00000072   Code   RO         5766    i.USBD_StdDevReq    usbd_ctlreq.o
    0x08009970   0x0000013c   Code   RO         5767    i.USBD_StdEPReq     usbd_ctlreq.o
    0x08009aac   0x0000004a   Code   RO         5768    i.USBD_StdItfReq    usbd_ctlreq.o
    0x08009af6   0x00000002   PAD
    0x08009af8   0x000000c0   Code   RO         4652    i.USB_ActivateEndpoint  stm32f4xx_ll_usb.o
    0x08009bb8   0x00000044   Code   RO         4653    i.USB_ActivateSetup  stm32f4xx_ll_usb.o
    0x08009bfc   0x00000070   Code   RO         4655    i.USB_CoreInit      stm32f4xx_ll_usb.o
    0x08009c6c   0x00000048   Code   RO         4656    i.USB_CoreReset     stm32f4xx_ll_usb.o
    0x08009cb4   0x000000a8   Code   RO         4658    i.USB_DeactivateEndpoint  stm32f4xx_ll_usb.o
    0x08009d5c   0x0000001e   Code   RO         4659    i.USB_DevConnect    stm32f4xx_ll_usb.o
    0x08009d7a   0x0000001e   Code   RO         4660    i.USB_DevDisconnect  stm32f4xx_ll_usb.o
    0x08009d98   0x000001a4   Code   RO         4661    i.USB_DevInit       stm32f4xx_ll_usb.o
    0x08009f3c   0x0000000e   Code   RO         4662    i.USB_DisableGlobalInt  stm32f4xx_ll_usb.o
    0x08009f4a   0x00000002   PAD
    0x08009f4c   0x000001b0   Code   RO         4665    i.USB_EP0StartXfer  stm32f4xx_ll_usb.o
    0x0800a0fc   0x00000044   Code   RO         4666    i.USB_EP0_OutStart  stm32f4xx_ll_usb.o
    0x0800a140   0x00000088   Code   RO         4667    i.USB_EPClearStall  stm32f4xx_ll_usb.o
    0x0800a1c8   0x0000008c   Code   RO         4668    i.USB_EPSetStall    stm32f4xx_ll_usb.o
    0x0800a254   0x000002d0   Code   RO         4669    i.USB_EPStartXfer   stm32f4xx_ll_usb.o
    0x0800a524   0x0000000e   Code   RO         4670    i.USB_EnableGlobalInt  stm32f4xx_ll_usb.o
    0x0800a532   0x00000002   PAD
    0x0800a534   0x0000002c   Code   RO         4671    i.USB_FlushRxFifo   stm32f4xx_ll_usb.o
    0x0800a560   0x00000030   Code   RO         4672    i.USB_FlushTxFifo   stm32f4xx_ll_usb.o
    0x0800a590   0x00000044   Code   RO         4674    i.USB_GetDevSpeed   stm32f4xx_ll_usb.o
    0x0800a5d4   0x0000000a   Code   RO         4676    i.USB_GetMode       stm32f4xx_ll_usb.o
    0x0800a5de   0x00000012   Code   RO         4683    i.USB_ReadDevAllInEpInterrupt  stm32f4xx_ll_usb.o
    0x0800a5f0   0x00000012   Code   RO         4684    i.USB_ReadDevAllOutEpInterrupt  stm32f4xx_ll_usb.o
    0x0800a602   0x0000002c   Code   RO         4685    i.USB_ReadDevInEPInterrupt  stm32f4xx_ll_usb.o
    0x0800a62e   0x00000016   Code   RO         4686    i.USB_ReadDevOutEPInterrupt  stm32f4xx_ll_usb.o
    0x0800a644   0x0000000c   Code   RO         4687    i.USB_ReadInterrupts  stm32f4xx_ll_usb.o
    0x0800a650   0x00000028   Code   RO         4688    i.USB_ReadPacket    stm32f4xx_ll_usb.o
    0x0800a678   0x00000030   Code   RO         4690    i.USB_SetCurrentMode  stm32f4xx_ll_usb.o
    0x0800a6a8   0x00000028   Code   RO         4691    i.USB_SetDevAddress  stm32f4xx_ll_usb.o
    0x0800a6d0   0x00000014   Code   RO         4692    i.USB_SetDevSpeed   stm32f4xx_ll_usb.o
    0x0800a6e4   0x0000003a   Code   RO         4695    i.USB_WritePacket   stm32f4xx_ll_usb.o
    0x0800a71e   0x00000002   PAD
    0x0800a720   0x00000028   Code   RO         6401    i.__0sprintf$8      mc_w.l(printf8.o)
    0x0800a748   0x0000000e   Code   RO         6527    i.__scatterload_copy  mc_w.l(handlers.o)
    0x0800a756   0x00000002   Code   RO         6528    i.__scatterload_null  mc_w.l(handlers.o)
    0x0800a758   0x0000000e   Code   RO         6529    i.__scatterload_zeroinit  mc_w.l(handlers.o)
    0x0800a766   0x00000002   PAD
    0x0800a768   0x00000408   Code   RO         6406    i._printf_core      mc_w.l(printf8.o)
    0x0800ab70   0x00000026   Code   RO         6407    i._printf_post_padding  mc_w.l(printf8.o)
    0x0800ab96   0x00000030   Code   RO         6408    i._printf_pre_padding  mc_w.l(printf8.o)
    0x0800abc6   0x0000000a   Code   RO         6410    i._sputc            mc_w.l(printf8.o)
    0x0800abd0   0x00000050   Code   RO         6453    i.free              mc_w.l(malloc.o)
    0x0800ac20   0x00000058   Code   RO          555    i.i2cRead           main.o
    0x0800ac78   0x0000004c   Code   RO          556    i.i2cWrite          main.o
    0x0800acc4   0x000001c0   Code   RO          557    i.main              main.o
    0x0800ae84   0x00000020   Code   RO          339    i.spi_write         dataflash.o
    0x0800aea4   0x00000020   Code   RO          558    i.uartWrite         main.o
    0x0800aec4   0x00000308   Data   RO          560    .constdata          main.o
    0x0800b1cc   0x00000010   Data   RO         3386    .constdata          stm32f4xx_hal_rcc.o
    0x0800b1dc   0x00000017   Data   RO         6061    .constdata          usbd_msc_data.o
    0x0800b1f3   0x00000001   PAD
    0x0800b1f4   0x00000020   Data   RO         6525    Region$$Table       anon$$obj.o


    Execution Region RW_IRAM1 (Base: 0x20000000, Size: 0x000037e0, Max: 0x00030000, ABSOLUTE, COMPRESSED[0x000000f0])

    Base Addr    Size         Type   Attr      Idx    E Section Name        Object

    0x20000000   0x0000000f   Data   RW          561    .data               main.o
    0x2000000f   0x00000001   PAD
    0x20000010   0x00000008   Data   RW          724    .data               stm32f4xx_hal_msp.o
    0x20000018   0x00000034   Data   RW         1124    .data               usbd_desc.o
    0x2000004c   0x00000070   Data   RW         1222    .data               usbd_storage.o
    0x200000bc   0x00000014   Data   RW         1277    .data               system_stm32f4xx.o
    0x200000d0   0x00000004   Data   RW         1330    .data               stm32f4xx_hal.o
    0x200000d4   0x00000018   Data   RW         4991    .data               sd_diskio.o
    0x200000ec   0x00000001   Data   RW         5769    .data               usbd_ctlreq.o
    0x200000ed   0x00000003   PAD
    0x200000f0   0x000000a2   Data   RW         5913    .data               usbd_msc.o
    0x20000192   0x00000002   PAD
    0x20000194   0x00000004   Data   RW         6504    .data               mc_w.l(mvars.o)
    0x20000198   0x000009f4   Zero   RW          559    .bss                main.o
    0x20000b8c   0x00000224   Zero   RW          878    .bss                usb_device.o
    0x20000db0   0x000003b0   Zero   RW          959    .bss                usbd_conf.o
    0x20001160   0x00000200   Zero   RW         1123    .bss                usbd_desc.o
    0x20001360   0x00000010   Zero   RW         5534    .bss                ff_gen_drv.o
    0x20001370   0x0000206c   Zero   RW         5912    .bss                usbd_msc.o
    0x200033dc   0x00000004   PAD
    0x200033e0   0x00000400   Zero   RW            1    STACK               startup_stm32f429xx.o


==============================================================================

Image component sizes


      Code (inc. data)   RO Data    RW Data    ZI Data      Debug   Object Name

       288         44          0          0          0     411747   bsp_driver_sd.o
       508         26          0          0          0       5446   dataflash.o
        68          0          0          0          0       1795   exflash_diskio.o
        76          6          0          0         16        898   ff_gen_drv.o
      1908        300        776         15       2548      15404   main.o
         0          0          0          0          0       4628   misc.o
       276         12          0         24          0       3988   sd_diskio.o
        36          8        428          0       1024        928   startup_stm32f429xx.o
       152         16          0          4          0       4408   stm32f4xx_hal.o
       338         28          0          0          0      32254   stm32f4xx_hal_cortex.o
      1094         42          0          0          0       6516   stm32f4xx_hal_dcmi.o
     10172        110          0          0          0       9207   stm32f4xx_hal_dma.o
       240          0          0          0          0       2601   stm32f4xx_hal_dma_ex.o
       538         54          0          0          0       3677   stm32f4xx_hal_gpio.o
      1926         36          0          0          0       7688   stm32f4xx_hal_i2c.o
       874        124          0          8          0       4931   stm32f4xx_hal_msp.o
      2734          0          0          0          0      10988   stm32f4xx_hal_pcd.o
        92          0          0          0          0       1736   stm32f4xx_hal_pcd_ex.o
      1944         70         16          0          0       5775   stm32f4xx_hal_rcc.o
      5530         22          0          0          0      24612   stm32f4xx_hal_sd.o
       156          0          0          0          0       2560   stm32f4xx_hal_sdram.o
      1266          0          0          0          0       3381   stm32f4xx_hal_spi.o
      1150          8          0          0          0       3616   stm32f4xx_hal_uart.o
       104         28          0          0          0       2348   stm32f4xx_it.o
       320          0          0          0          0       3304   stm32f4xx_ll_fmc.o
       208          4          0          0          0       5917   stm32f4xx_ll_sdmmc.o
      3106         60          0          0          0      19586   stm32f4xx_ll_usb.o
       100         18          0         20          0       1269   system_stm32f4xx.o
        52         16          0          0        548       5717   usb_device.o
       736         14          0          0        944      14100   usbd_conf.o
       768          0          0          0          0      12085   usbd_core.o
      1558         30          0          1          0      10196   usbd_ctlreq.o
       292        116          0         52        512      26955   usbd_desc.o
       134          0          0          0          0       3696   usbd_ioreq.o
       592         56          0        162       8300       9052   usbd_msc.o
       778          8          0          0          0       9832   usbd_msc_bot.o
         0          0         23          0          0        813   usbd_msc_data.o
      2150         14          0          0          0      12919   usbd_msc_scsi.o
       328         90          0        112          0       4548   usbd_storage.o

    ----------------------------------------------------------------------
     42636       1360       1276        404      13896     711121   Object Totals
         0          0         32          0          0          0   (incl. Generated)
        44          0          1          6          4          0   (incl. Padding)

    ----------------------------------------------------------------------

      Code (inc. data)   RO Data    RW Data    ZI Data      Debug   Library Member Name

        92          0          0          0          0          0   __dczerorl2.o
         0          0          0          0          0          0   entry.o
         0          0          0          0          0          0   entry10a.o
         0          0          0          0          0          0   entry11a.o
         8          4          0          0          0          0   entry2.o
         4          0          0          0          0          0   entry5.o
         0          0          0          0          0          0   entry7b.o
         0          0          0          0          0          0   entry8b.o
         8          4          0          0          0          0   entry9a.o
        30          0          0          0          0          0   handlers.o
        36          8          0          0          0         68   init.o
        30          0          0          0          0         68   llshl.o
        32          0          0          0          0         68   llushr.o
        80          4          0          0          0         76   malloc.o
        36          0          0          0          0         68   memcpya.o
        36          0          0          0          0        108   memseta.o
         0          0          0          4          0          0   mvars.o
      1168         50          0          0          0        420   printf8.o
        14          0          0          0          0         68   strlen.o
        98          0          0          0          0         92   uldiv.o

    ----------------------------------------------------------------------
      1676         70          0          4          0       1036   Library Totals
         4          0          0          0          0          0   (incl. Padding)

    ----------------------------------------------------------------------

      Code (inc. data)   RO Data    RW Data    ZI Data      Debug   Library Name

      1672         70          0          4          0       1036   mc_w.l

    ----------------------------------------------------------------------
      1676         70          0          4          0       1036   Library Totals

    ----------------------------------------------------------------------

==============================================================================


      Code (inc. data)   RO Data    RW Data    ZI Data      Debug   

     44312       1430       1276        408      13896     681689   Grand Totals
     44312       1430       1276        240      13896     681689   ELF Image Totals (compressed)
     44312       1430       1276        240          0          0   ROM Totals

==============================================================================

    Total RO  Size (Code + RO Data)                45588 (  44.52kB)
    Total RW  Size (RW Data + ZI Data)             14304 (  13.97kB)
    Total ROM Size (Code + RO Data + RW Data)      45828 (  44.75kB)

==============================================================================

